
IEEE 695 OMF Linker Version 6.25 (19073001)
Copyright (C) 1999-2008 Zilog, Inc. All Rights Reserved

LINK MAP:

DATE:      Sat Oct 21 17:00:54 2023
PROCESSOR: assembler
FILES:     .\init.obj             .\main.obj             .\sd.obj               
           .\ffunicode.obj        .\ff.obj               .\diskio.obj           
           .\spi.obj              .\timer.obj            .\serial.obj           
           .\agontimer.obj        .\protocol.obj         
           C:\ZiLOG\ZDSII_eZ80Acclaim!_5.3.5\lib\std\chelpD.lib
           C:\ZiLOG\ZDSII_eZ80Acclaim!_5.3.5\lib\std\crtD.lib
           C:\ZiLOG\ZDSII_eZ80Acclaim!_5.3.5\lib\std\crtSD.lib
           C:\ZiLOG\ZDSII_eZ80Acclaim!_5.3.5\lib\std\nokernelD.lib
           C:\ZiLOG\ZDSII_eZ80Acclaim!_5.3.5\lib\zilog\zsldevinitdummy.obj
           


COMMAND LIST:
=============
-FORMAT=OMF695,INTEL32
-map -maxhexlen=64 -quiet -warnoverlap -xref -unresolved=fatal
-sort NAME=ascending -warn -debug -NOigcase


RANGE ROM $045000 : $04FFFF
RANGE RAM $040000 : $0BFFFF
RANGE EXTIO $000000 : $00FFFF
RANGE INTIO $000000 : $0000FF

CHANGE CODE = RAM
CHANGE STRSECT = RAM
CHANGE DATA = RAM 

ORDER CODE,DATA

DEFINE __low_bss = base of BSS
DEFINE __len_bss = length of BSS

 "flashloader"=  ".\init.obj",  ".\main.obj",  ".\sd.obj",  ".\ffunicode.obj",  ".\ff.obj",  ".\diskio.obj",  ".\spi.obj",  ".\timer.obj",  ".\serial.obj",  ".\agontimer.obj",  ".\protocol.obj",  "C:\ZiLOG\ZDSII_eZ80Acclaim!_5.3.5\lib\std\chelpD.lib",  "C:\ZiLOG\ZDSII_eZ80Acclaim!_5.3.5\lib\std\crtD.lib",  "C:\ZiLOG\ZDSII_eZ80Acclaim!_5.3.5\lib\std\crtSD.lib",  "C:\ZiLOG\ZDSII_eZ80Acclaim!_5.3.5\lib\std\nokernelD.lib",  "C:\ZiLOG\ZDSII_eZ80Acclaim!_5.3.5\lib\zilog\zsldevinitdummy.obj"


SPACE ALLOCATION:
=================

Space                     Base         Top      Size      Used    Unused
------------------ ----------- ----------- --------- --------- ---------
RAM                   D:040000    D:0447F6    80000H     47F7H    7B809H
                                          (   524288     18423    505865)
ROM                   C:045000    C:04543A     B000H      43BH     ABC5H
                                          (    45056      1083     43973)


SEGMENTS WITHIN SPACE:
======================

RAM                               Type        Base         Top      Size
------------------ ------------------- ----------- ----------- ---------
BSS                normal data            D:0445C2    D:0447F6      235h
CODE               normal data            D:040000    D:0445A8     45a9h
STRSECT            normal data            D:0445A9    D:0445C1       19h


ROM                               Type        Base         Top      Size
------------------ ------------------- ----------- ----------- ---------
TEXT               normal data            C:045000    C:04543A      43bh

SEGMENTS WITHIN MODULES:
========================

Module: ..\agontimer.c (File: agontimer.obj) Version: 1:0 10/21/2023 17:00:54

    Name                                           Base         Top      Size
    --------------------------------------- ----------- ----------- ---------
    Segment: CODE                              D:043FFD    D:04405E       62h


Module: ..\main.c (File: main.obj) Version: 1:0 10/21/2023 17:00:53

    Name                                           Base         Top      Size
    --------------------------------------- ----------- ----------- ---------
    Segment: BSS                               D:0445C2    D:0447EF      22eh
    Segment: CODE                              D:040145    D:040251      10dh


Module: ..\protocol.c (File: protocol.obj) Version: 1:0 10/21/2023 17:00:54

    Name                                           Base         Top      Size
    --------------------------------------- ----------- ----------- ---------
    Segment: CODE                              D:04405F    D:0440FB       9dh


Module: ..\sd.c (File: sd.obj) Version: 1:0 10/21/2023 17:00:54

    Name                                           Base         Top      Size
    --------------------------------------- ----------- ----------- ---------
    Segment: CODE                              D:040252    D:0409AE      75dh


Module: ..\spi.c (File: spi.obj) Version: 1:0 10/21/2023 17:00:54

    Name                                           Base         Top      Size
    --------------------------------------- ----------- ----------- ---------
    Segment: CODE                              D:043D76    D:043EB1      13ch


Module: ..\src\boot\common\zsldevinitdummy.asm (File: zsldevinitdummy.obj) Version: 1:0 10/02/2022 22:49:19

    Name                                           Base         Top      Size
    --------------------------------------- ----------- ----------- ---------
    Segment: CODE                              D:0440FC    D:0440FC        1h


Module: ..\src_fatfs\diskio.c (File: diskio.obj) Version: 1:0 10/21/2023 17:00:53

    Name                                           Base         Top      Size
    --------------------------------------- ----------- ----------- ---------
    Segment: BSS                               D:0447F6    D:0447F6        1h
    Segment: CODE                              D:043C28    D:043D75      14eh


Module: ..\src_fatfs\ff.c (File: ff.obj) Version: 1:0 10/21/2023 17:00:53

    Name                                           Base         Top      Size
    --------------------------------------- ----------- ----------- ---------
    Segment: BSS                               D:0447F0    D:0447F5        6h
    Segment: CODE                              D:040CAF    D:043C27     2f79h
    Segment: STRSECT                           D:0445A9    D:0445C1       19h
    Segment: TEXT                              C:0453AE    C:04543A       8dh


Module: ..\src_fatfs\ffunicode.c (File: ffunicode.obj) Version: 1:0 10/21/2023 17:00:54

    Name                                           Base         Top      Size
    --------------------------------------- ----------- ----------- ---------
    Segment: CODE                              D:0409AF    D:040CAE      300h
    Segment: TEXT                              C:045000    C:0453AD      3aeh


Module: ..\timer.c (File: timer.obj) Version: 1:0 10/21/2023 17:00:54

    Name                                           Base         Top      Size
    --------------------------------------- ----------- ----------- ---------
    Segment: CODE                              D:043EB2    D:043F9A       e9h


Module: .\rtl\common\bshl.asm (Library: chelpD.lib) Version: 1:0 10/02/2022 22:48:49

    Name                                           Base         Top      Size
    --------------------------------------- ----------- ----------- ---------
    Segment: CODE                              D:0445A0    D:0445A8        9h


Module: .\rtl\common\case16D.asm (Library: chelpD.lib) Version: 1:0 10/02/2022 22:48:52

    Name                                           Base         Top      Size
    --------------------------------------- ----------- ----------- ---------
    Segment: CODE                              D:0441EF    D:04422D       3fh


Module: .\rtl\common\case8D.asm (Library: chelpD.lib) Version: 1:0 10/02/2022 22:48:53

    Name                                           Base         Top      Size
    --------------------------------------- ----------- ----------- ---------
    Segment: CODE                              D:044414    D:04444D       3ah


Module: .\rtl\common\iand.asm (Library: chelpD.lib) Version: 1:0 10/02/2022 22:48:50

    Name                                           Base         Top      Size
    --------------------------------------- ----------- ----------- ---------
    Segment: CODE                              D:04446A    D:044484       1bh


Module: .\rtl\common\icmpzero.asm (Library: chelpD.lib) Version: 1:0 10/02/2022 22:48:52

    Name                                           Base         Top      Size
    --------------------------------------- ----------- ----------- ---------
    Segment: CODE                              D:04435B    D:044366        ch


Module: .\rtl\common\idivs.asm (Library: chelpD.lib) Version: 1:0 10/02/2022 22:48:50

    Name                                           Base         Top      Size
    --------------------------------------- ----------- ----------- ---------
    Segment: CODE                              D:044399    D:0443D1       39h


Module: .\rtl\common\idivu.asm (Library: chelpD.lib) Version: 1:0 10/02/2022 22:48:50

    Name                                           Base         Top      Size
    --------------------------------------- ----------- ----------- ---------
    Segment: CODE                              D:04427E    D:04429E       21h


Module: .\rtl\common\ildix.asm (Library: chelpD.lib) Version: 1:0 10/02/2022 22:48:50

    Name                                           Base         Top      Size
    --------------------------------------- ----------- ----------- ---------
    Segment: CODE                              D:044509    D:044514        ch


Module: .\rtl\common\imulu.asm (Library: chelpD.lib) Version: 1:0 10/02/2022 22:48:50

    Name                                           Base         Top      Size
    --------------------------------------- ----------- ----------- ---------
    Segment: CODE                              D:0444C1    D:044508       48h


Module: .\rtl\common\ior.asm (Library: chelpD.lib) Version: 1:0 10/02/2022 22:48:50

    Name                                           Base         Top      Size
    --------------------------------------- ----------- ----------- ---------
    Segment: CODE                              D:0441CE    D:0441E8       1bh


Module: .\rtl\common\irems.asm (Library: chelpD.lib) Version: 1:0 10/02/2022 22:48:50

    Name                                           Base         Top      Size
    --------------------------------------- ----------- ----------- ---------
    Segment: CODE                              D:044121    D:044158       38h


Module: .\rtl\common\iremu.asm (Library: chelpD.lib) Version: 1:0 10/02/2022 22:48:50

    Name                                           Base         Top      Size
    --------------------------------------- ----------- ----------- ---------
    Segment: CODE                              D:0441C5    D:0441CD        9h


Module: .\rtl\common\ishl.asm (Library: chelpD.lib) Version: 1:0 10/02/2022 22:48:50

    Name                                           Base         Top      Size
    --------------------------------------- ----------- ----------- ---------
    Segment: CODE                              D:0444A6    D:0444B7       12h


Module: .\rtl\common\ishrs.asm (Library: chelpD.lib) Version: 1:0 10/02/2022 22:48:50

    Name                                           Base         Top      Size
    --------------------------------------- ----------- ----------- ---------
    Segment: CODE                              D:044159    D:04417D       25h


Module: .\rtl\common\ishru.asm (Library: chelpD.lib) Version: 1:0 10/02/2022 22:48:50

    Name                                           Base         Top      Size
    --------------------------------------- ----------- ----------- ---------
    Segment: CODE                              D:0443D2    D:0443F6       25h


Module: .\rtl\common\istix.asm (Library: chelpD.lib) Version: 1:0 10/02/2022 22:48:50

    Name                                           Base         Top      Size
    --------------------------------------- ----------- ----------- ---------
    Segment: CODE                              D:0441B9    D:0441C4        ch


Module: .\rtl\common\itol.asm (Library: chelpD.lib) Version: 1:0 10/02/2022 22:48:50

    Name                                           Base         Top      Size
    --------------------------------------- ----------- ----------- ---------
    Segment: CODE                              D:0443F7    D:0443FD        7h


Module: .\rtl\common\ladd.asm (Library: chelpD.lib) Version: 1:0 10/02/2022 22:48:50

    Name                                           Base         Top      Size
    --------------------------------------- ----------- ----------- ---------
    Segment: CODE                              D:0440FD    D:044111       15h


Module: .\rtl\common\land.asm (Library: chelpD.lib) Version: 1:0 10/02/2022 22:48:50

    Name                                           Base         Top      Size
    --------------------------------------- ----------- ----------- ---------
    Segment: CODE                              D:04452A    D:044532        9h


Module: .\rtl\common\lcmpu.asm (Library: chelpD.lib) Version: 1:0 10/02/2022 22:48:50

    Name                                           Base         Top      Size
    --------------------------------------- ----------- ----------- ---------
    Segment: CODE                              D:0443FE    D:044413       16h


Module: .\rtl\common\lcmpzero.asm (Library: chelpD.lib) Version: 1:0 10/02/2022 22:48:52

    Name                                           Base         Top      Size
    --------------------------------------- ----------- ----------- ---------
    Segment: CODE                              D:04422E    D:044241       14h


Module: .\rtl\common\ldivs.asm (Library: chelpD.lib) Version: 1:0 10/02/2022 22:48:50

    Name                                           Base         Top      Size
    --------------------------------------- ----------- ----------- ---------
    Segment: CODE                              D:044242    D:044270       2fh


Module: .\rtl\common\ldivu.asm (Library: chelpD.lib) Version: 1:0 10/02/2022 22:48:50

    Name                                           Base         Top      Size
    --------------------------------------- ----------- ----------- ---------
    Segment: CODE                              D:04429F    D:0442D4       36h


Module: .\rtl\common\lmulu.asm (Library: chelpD.lib) Version: 1:0 10/02/2022 22:48:50

    Name                                           Base         Top      Size
    --------------------------------------- ----------- ----------- ---------
    Segment: CODE                              D:044533    D:04459F       6dh


Module: .\rtl\common\lneg.asm (Library: chelpD.lib) Version: 1:0 10/02/2022 22:48:50

    Name                                           Base         Top      Size
    --------------------------------------- ----------- ----------- ---------
    Segment: CODE                              D:044271    D:04427D        dh


Module: .\rtl\common\lor.asm (Library: chelpD.lib) Version: 1:0 10/02/2022 22:48:50

    Name                                           Base         Top      Size
    --------------------------------------- ----------- ----------- ---------
    Segment: CODE                              D:044349    D:044351        9h


Module: .\rtl\common\lshl.asm (Library: chelpD.lib) Version: 1:0 10/02/2022 22:48:51

    Name                                           Base         Top      Size
    --------------------------------------- ----------- ----------- ---------
    Segment: CODE                              D:04445B    D:044469        fh


Module: .\rtl\common\lshru.asm (Library: chelpD.lib) Version: 1:0 10/02/2022 22:48:51

    Name                                           Base         Top      Size
    --------------------------------------- ----------- ----------- ---------
    Segment: CODE                              D:0442FD    D:04431E       22h


Module: .\rtl\common\lsub.asm (Library: chelpD.lib) Version: 1:0 10/02/2022 22:48:51

    Name                                           Base         Top      Size
    --------------------------------------- ----------- ----------- ---------
    Segment: CODE                              D:0442F1    D:0442FC        ch


Module: .\rtl\common\memcmp.asm (Library: crtD.lib) Version: 1:0 10/02/2022 22:48:13

    Name                                           Base         Top      Size
    --------------------------------------- ----------- ----------- ---------
    Segment: CODE                              D:04431F    D:044348       2ah


Module: .\rtl\common\memcpy.asm (Library: crtD.lib) Version: 1:0 10/02/2022 22:48:13

    Name                                           Base         Top      Size
    --------------------------------------- ----------- ----------- ---------
    Segment: CODE                              D:0442D5    D:0442F0       1ch


Module: .\rtl\common\memset.asm (Library: crtD.lib) Version: 1:0 10/02/2022 22:48:13

    Name                                           Base         Top      Size
    --------------------------------------- ----------- ----------- ---------
    Segment: CODE                              D:044485    D:0444A5       21h


Module: .\rtl\common\sand.asm (Library: chelpD.lib) Version: 1:0 10/02/2022 22:48:51

    Name                                           Base         Top      Size
    --------------------------------------- ----------- ----------- ---------
    Segment: CODE                              D:044352    D:04435A        9h


Module: .\rtl\common\scmpzero.asm (Library: chelpD.lib) Version: 1:0 10/02/2022 22:48:52

    Name                                           Base         Top      Size
    --------------------------------------- ----------- ----------- ---------
    Segment: CODE                              D:04444E    D:04445A        dh


Module: .\rtl\common\seqcaseD.asm (Library: chelpD.lib) Version: 1:0 10/02/2022 22:48:52

    Name                                           Base         Top      Size
    --------------------------------------- ----------- ----------- ---------
    Segment: CODE                              D:04417E    D:0441B8       3bh


Module: .\rtl\common\setflag.asm (Library: chelpD.lib) Version: 1:0 10/02/2022 22:48:52

    Name                                           Base         Top      Size
    --------------------------------------- ----------- ----------- ---------
    Segment: CODE                              D:044112    D:044120        fh


Module: .\rtl\common\smulu.asm (Library: chelpD.lib) Version: 1:0 10/02/2022 22:48:51

    Name                                           Base         Top      Size
    --------------------------------------- ----------- ----------- ---------
    Segment: CODE                              D:044515    D:044529       15h


Module: .\rtl\common\sor.asm (Library: chelpD.lib) Version: 1:0 10/02/2022 22:48:51

    Name                                           Base         Top      Size
    --------------------------------------- ----------- ----------- ---------
    Segment: CODE                              D:0444B8    D:0444C0        9h


Module: .\rtl\common\stoiu.asm (Library: chelpD.lib) Version: 1:0 10/02/2022 22:48:51

    Name                                           Base         Top      Size
    --------------------------------------- ----------- ----------- ---------
    Segment: CODE                              D:0441E9    D:0441EE        6h


Module: .\strchr.asm (Library: crtD.lib) Version: 1:0 10/02/2022 22:48:13

    Name                                           Base         Top      Size
    --------------------------------------- ----------- ----------- ---------
    Segment: CODE                              D:044367    D:044383       1dh


Module: .\strlen.asm (Library: crtD.lib) Version: 1:0 10/02/2022 22:48:13

    Name                                           Base         Top      Size
    --------------------------------------- ----------- ----------- ---------
    Segment: CODE                              D:044384    D:044398       15h


Module: C:\source\agon-vdpflash\flashloader\init.asm (File: init.obj) Version: 1:0 10/21/2023 17:00:53

    Name                                           Base         Top      Size
    --------------------------------------- ----------- ----------- ---------
    Segment: CODE                              D:040000    D:040144      145h


Module: C:\source\agon-vdpflash\flashloader\serial.asm (File: serial.obj) Version: 1:0 10/21/2023 17:00:54

    Name                                           Base         Top      Size
    --------------------------------------- ----------- ----------- ---------
    Segment: CODE                              D:043F9B    D:043FFC       62h

EXTERNAL DEFINITIONS:
=====================

Symbol                               Address Module          Segment
-------------------------------- ----------- --------------- --------------------------------
__bshl                              D:0445A0 bshl            CODE                            
__case16D                           D:0441EF case16D         CODE                            
__case8D                            D:044414 case8D          CODE                            
__close_periphdevice                D:0440FC zsldevinitdummy CODE                            
__iand                              D:04446A iand            CODE                            
__icmpzero                          D:04435B icmpzero        CODE                            
__idivs                             D:044399 idivs           CODE                            
__idivu                             D:04427E idivu           CODE                            
__idvrmu                            D:044288 idivu           CODE                            
__ildix                             D:044509 ildix           CODE                            
__imul_b                            D:0444C1 imulu           CODE                            
__imuls                             D:0444CD imulu           CODE                            
__imulu                             D:0444CD imulu           CODE                            
__ior                               D:0441CE ior             CODE                            
__irems                             D:044121 irems           CODE                            
__iremu                             D:0441C5 iremu           CODE                            
__ishl                              D:0444AE ishl            CODE                            
__ishl_b                            D:0444A6 ishl            CODE                            
__ishrs                             D:044161 ishrs           CODE                            
__ishrs_b                           D:044159 ishrs           CODE                            
__ishru                             D:0443DA ishru           CODE                            
__ishru_b                           D:0443D2 ishru           CODE                            
__istix                             D:0441B9 istix           CODE                            
__itol                              D:0443F7 itol            CODE                            
__ladd                              D:04410C ladd            CODE                            
__ladd_b                            D:0440FD ladd            CODE                            
__land                              D:04452A land            CODE                            
__lcmps                             D:0443FE lcmpu           CODE                            
__lcmpu                             D:0443FE lcmpu           CODE                            
__lcmpzero                          D:04422E lcmpzero        CODE                            
__ldivs                             D:044242 ldivs           CODE                            
__ldivu                             D:04429F ldivu           CODE                            
__ldvrmu                            D:0442B1 ldivu           CODE                            
__len_bss                           00000235 (User Defined)
__lmuls                             D:044533 lmulu           CODE                            
__lmulu                             D:044533 lmulu           CODE                            
__lneg                              D:044271 lneg            CODE                            
__lor                               D:044349 lor             CODE                            
__low_bss                           000445C2 (User Defined)
__lshl                              D:04445B lshl            CODE                            
__lshru                             D:0442FD lshru           CODE                            
__lsub                              D:0442F1 lsub            CODE                            
__open_periphdevice                 D:0440FC zsldevinitdummy CODE                            
__sand                              D:044352 sand            CODE                            
__scmpzero                          D:04444E scmpzero        CODE                            
__seqcaseD                          D:04417E seqcaseD        CODE                            
__setflag                           D:044112 setflag         CODE                            
__smuls                             D:044515 smulu           CODE                            
__smulu                             D:044515 smulu           CODE                            
__sor                               D:0444B8 sor             CODE                            
__stoiu                             D:0441E9 stoiu           CODE                            
_close_periphdevice                 D:0440FC zsldevinitdummy CODE                            
_delayms                            D:043FFD agontimer       CODE                            
_disk_initialize                    D:043C37 diskio          CODE                            
_disk_ioctl                         D:043C8D diskio          CODE                            
_disk_read                          D:043C55 diskio          CODE                            
_disk_status                        D:043C28 diskio          CODE                            
_enable_timer0                      D:043F3F timer           CODE                            
_enableFlashKeyRegister             D:0400F9 init            CODE                            
_f_chdir                            D:0436C5 ff              CODE                            
_f_chdrive                          D:043693 ff              CODE                            
_f_close                            D:04365E ff              CODE                            
_f_getcwd                           D:043776 ff              CODE                            
_f_getlabel                         D:0439E0 ff              CODE                            
_f_gets                             D:043B73 ff              CODE                            
_f_mount                            D:043147 ff              CODE                            
_f_open                             D:0431D3 ff              CODE                            
_f_read                             D:043323 ff              CODE                            
_fastmemcpy                         D:040126 init            CODE                            
_ff_oem2uni                         D:040A5A ffunicode       CODE                            
_ff_uni2oem                         D:0409AF ffunicode       CODE                            
_ff_wtoupper                        D:040AC2 ffunicode       CODE                            
_fs                                 D:0445C2 main            BSS                             
_get_fattime                        D:043C9E diskio          CODE                            
_get_timer0                         D:043F6E timer           CODE                            
_init_spi                           D:043DDD spi             CODE                            
_init_timer0                        D:043EB2 timer           CODE                            
_init_UART0                         D:043F9B serial          CODE                            
_lockFlashKeyRegister               D:040111 init            CODE                            
_main                               D:040145 main            CODE                            
_memcmp                             D:04431F memcmp          CODE                            
_memcpy                             D:0442D5 memcpy          CODE                            
_memset                             D:044485 memset          CODE                            
_mode_spi                           D:043E7D spi             CODE                            
_open_periphdevice                  D:0440FC zsldevinitdummy CODE                            
_putch                              D:04405F protocol        CODE                            
_reset                              D:040124 init            CODE                            
_rtc                                D:0447F6 diskio          BSS                             
_SD_command                         D:040252 sd              CODE                            
_SD_CS_disable                      D:043D8C spi             CODE                            
_SD_CS_enable                       D:043D76 spi             CODE                            
_SD_goIdleState                     D:040365 sd              CODE                            
_SD_init                            D:0408D1 sd              CODE                            
_SD_powerUpSeq                      D:040542 sd              CODE                            
_SD_readBlocks                      D:040593 sd              CODE                            
_SD_readOCR                         D:0404E7 sd              CODE                            
_SD_readRes1                        D:0402C0 sd              CODE                            
_SD_readRes7                        D:0402F4 sd              CODE                            
_SD_readSingleBlock                 D:0407D2 sd              CODE                            
_SD_sendApp                         D:040425 sd              CODE                            
_SD_sendIfCond                      D:0403C2 sd              CODE                            
_SD_sendOpCond                      D:040482 sd              CODE                            
_SD_writeBlocks                     D:040623 sd              CODE                            
_SD_writeSingleBlock                D:0406B2 sd              CODE                            
_sendStatus                         D:044085 protocol        CODE                            
_spi_transfer                       D:043DA2 spi             CODE                            
_strchr                             D:044367 strchr          CODE                            
_strlen                             D:044384 strlen          CODE                            
_wait_timer0                        D:0400E3 init            CODE                            

109 external symbol(s).

SYMBOL CROSS REFERENCE:
=======================
Name                              Use         Module
--------------------------------- ----------- -------------------------
__bshl                            Defined     .\rtl\common\bshl.asm
                                  Referenced  ..\src_fatfs\ff.c
__case16D                         Defined     .\rtl\common\case16D.asm
                                  Referenced  ..\timer.c
__case8D                          Defined     .\rtl\common\case8D.asm
                                  Referenced  ..\src_fatfs\ff.c
__close_periphdevice              Defined     ..\src\boot\common\zsldevinitdummy.asm
__iand                            Defined     .\rtl\common\iand.asm
                                  Referenced  ..\main.c
                                  Referenced  ..\src_fatfs\ff.c
                                  Referenced  .\rtl\common\land.asm
__icmpzero                        Defined     .\rtl\common\icmpzero.asm
                                  Referenced  ..\main.c
                                  Referenced  ..\src_fatfs\ff.c
                                  Referenced  ..\agontimer.c
                                  Referenced  ..\protocol.c
__idivs                           Defined     .\rtl\common\idivs.asm
                                  Referenced  ..\spi.c
__idivu                           Defined     .\rtl\common\idivu.asm
                                  Referenced  .\rtl\common\idivs.asm
__idvrmu                          Defined     .\rtl\common\idivu.asm
                                  Referenced  .\rtl\common\iremu.asm
__ildix                           Defined     .\rtl\common\ildix.asm
                                  Referenced  ..\src_fatfs\ff.c
__imul_b                          Defined     .\rtl\common\imulu.asm
                                  Referenced  ..\src_fatfs\ff.c
__imuls                           Defined     .\rtl\common\imulu.asm
__imulu                           Defined     .\rtl\common\imulu.asm
__ior                             Defined     .\rtl\common\ior.asm
                                  Referenced  ..\src_fatfs\ff.c
                                  Referenced  .\rtl\common\lor.asm
__irems                           Defined     .\rtl\common\irems.asm
                                  Referenced  ..\spi.c
__iremu                           Defined     .\rtl\common\iremu.asm
                                  Referenced  .\rtl\common\irems.asm
__ishl                            Defined     .\rtl\common\ishl.asm
__ishl_b                          Defined     .\rtl\common\ishl.asm
                                  Referenced  ..\src_fatfs\ff.c
__ishrs                           Defined     .\rtl\common\ishrs.asm
__ishrs_b                         Defined     .\rtl\common\ishrs.asm
                                  Referenced  ..\src_fatfs\ffunicode.c
                                  Referenced  ..\src_fatfs\ff.c
                                  Referenced  ..\src_fatfs\diskio.c
                                  Referenced  ..\timer.c
__ishru                           Defined     .\rtl\common\ishru.asm
__ishru_b                         Defined     .\rtl\common\ishru.asm
                                  Referenced  ..\src_fatfs\ff.c
__istix                           Defined     .\rtl\common\istix.asm
                                  Referenced  ..\src_fatfs\ff.c
__itol                            Defined     .\rtl\common\itol.asm
                                  Referenced  ..\src_fatfs\ff.c
                                  Referenced  ..\src_fatfs\diskio.c
                                  Referenced  ..\timer.c
__ladd                            Defined     .\rtl\common\ladd.asm
                                  Referenced  ..\src_fatfs\ff.c
__ladd_b                          Defined     .\rtl\common\ladd.asm
                                  Referenced  ..\sd.c
                                  Referenced  ..\src_fatfs\ff.c
                                  Referenced  ..\src_fatfs\diskio.c
                                  Referenced  ..\spi.c
__land                            Defined     .\rtl\common\land.asm
                                  Referenced  ..\src_fatfs\ff.c
__lcmps                           Defined     .\rtl\common\lcmpu.asm
                                  Referenced  ..\spi.c
__lcmpu                           Defined     .\rtl\common\lcmpu.asm
                                  Referenced  ..\src_fatfs\ffunicode.c
                                  Referenced  ..\src_fatfs\ff.c
                                  Referenced  .\rtl\common\lcmpzero.asm
__lcmpzero                        Defined     .\rtl\common\lcmpzero.asm
                                  Referenced  ..\src_fatfs\ff.c
__ldivs                           Defined     .\rtl\common\ldivs.asm
                                  Referenced  ..\timer.c
__ldivu                           Defined     .\rtl\common\ldivu.asm
                                  Referenced  ..\src_fatfs\ff.c
                                  Referenced  .\rtl\common\ldivs.asm
__ldvrmu                          Defined     .\rtl\common\ldivu.asm
__len_bss                         Defined     LINKER
                                  Referenced  C:\source\agon-vdpflash\flashloader\init.asm
__lmuls                           Defined     .\rtl\common\lmulu.asm
__lmulu                           Defined     .\rtl\common\lmulu.asm
                                  Referenced  ..\src_fatfs\ff.c
__lneg                            Defined     .\rtl\common\lneg.asm
                                  Referenced  .\rtl\common\ldivs.asm
__lor                             Defined     .\rtl\common\lor.asm
                                  Referenced  ..\src_fatfs\ff.c
                                  Referenced  ..\src_fatfs\diskio.c
__low_bss                         Defined     LINKER
                                  Referenced  C:\source\agon-vdpflash\flashloader\init.asm
__lshl                            Defined     .\rtl\common\lshl.asm
                                  Referenced  ..\src_fatfs\ff.c
                                  Referenced  ..\src_fatfs\diskio.c
__lshru                           Defined     .\rtl\common\lshru.asm
                                  Referenced  ..\sd.c
                                  Referenced  ..\src_fatfs\ff.c
                                  Referenced  ..\protocol.c
__lsub                            Defined     .\rtl\common\lsub.asm
                                  Referenced  ..\src_fatfs\ff.c
__open_periphdevice               Defined     ..\src\boot\common\zsldevinitdummy.asm
__sand                            Defined     .\rtl\common\sand.asm
                                  Referenced  ..\src_fatfs\ff.c
__scmpzero                        Defined     .\rtl\common\scmpzero.asm
                                  Referenced  ..\src_fatfs\ffunicode.c
                                  Referenced  ..\src_fatfs\ff.c
                                  Referenced  ..\agontimer.c
__seqcaseD                        Defined     .\rtl\common\seqcaseD.asm
                                  Referenced  ..\src_fatfs\ffunicode.c
                                  Referenced  ..\src_fatfs\ff.c
__setflag                         Defined     .\rtl\common\setflag.asm
                                  Referenced  ..\sd.c
                                  Referenced  ..\src_fatfs\ffunicode.c
                                  Referenced  ..\src_fatfs\ff.c
                                  Referenced  ..\spi.c
__smuls                           Defined     .\rtl\common\smulu.asm
__smulu                           Defined     .\rtl\common\smulu.asm
                                  Referenced  ..\timer.c
__sor                             Defined     .\rtl\common\sor.asm
                                  Referenced  ..\src_fatfs\ff.c
                                  Referenced  ..\timer.c
                                  Referenced  ..\agontimer.c
__stoiu                           Defined     .\rtl\common\stoiu.asm
                                  Referenced  ..\sd.c
                                  Referenced  ..\src_fatfs\ffunicode.c
                                  Referenced  ..\src_fatfs\ff.c
                                  Referenced  ..\timer.c
_close_periphdevice               Defined     ..\src\boot\common\zsldevinitdummy.asm
_delayms                          Defined     ..\agontimer.c
                                  Referenced  ..\main.c
_disk_initialize                  Defined     ..\src_fatfs\diskio.c
                                  Referenced  ..\src_fatfs\ff.c
_disk_ioctl                       Defined     ..\src_fatfs\diskio.c
_disk_read                        Defined     ..\src_fatfs\diskio.c
                                  Referenced  ..\src_fatfs\ff.c
_disk_status                      Defined     ..\src_fatfs\diskio.c
                                  Referenced  ..\src_fatfs\ff.c
_enable_timer0                    Defined     ..\timer.c
                                  Referenced  ..\sd.c
_enableFlashKeyRegister           Defined     C:\source\agon-vdpflash\flashloader\init.asm
_f_chdir                          Defined     ..\src_fatfs\ff.c
_f_chdrive                        Defined     ..\src_fatfs\ff.c
_f_close                          Defined     ..\src_fatfs\ff.c
_f_getcwd                         Defined     ..\src_fatfs\ff.c
_f_getlabel                       Defined     ..\src_fatfs\ff.c
_f_gets                           Defined     ..\src_fatfs\ff.c
_f_mount                          Defined     ..\src_fatfs\ff.c
_f_open                           Defined     ..\src_fatfs\ff.c
_f_read                           Defined     ..\src_fatfs\ff.c
_fastmemcpy                       Defined     C:\source\agon-vdpflash\flashloader\init.asm
                                  Referenced  ..\main.c
_ff_oem2uni                       Defined     ..\src_fatfs\ffunicode.c
                                  Referenced  ..\src_fatfs\ff.c
_ff_uni2oem                       Defined     ..\src_fatfs\ffunicode.c
                                  Referenced  ..\src_fatfs\ff.c
_ff_wtoupper                      Defined     ..\src_fatfs\ffunicode.c
                                  Referenced  ..\src_fatfs\ff.c
_fs                               Defined     ..\main.c
_get_fattime                      Defined     ..\src_fatfs\diskio.c
_get_timer0                       Defined     ..\timer.c
_init_spi                         Defined     ..\spi.c
                                  Referenced  ..\main.c
_init_timer0                      Defined     ..\timer.c
                                  Referenced  ..\sd.c
_init_UART0                       Defined     C:\source\agon-vdpflash\flashloader\serial.asm
                                  Referenced  ..\main.c
_lockFlashKeyRegister             Defined     C:\source\agon-vdpflash\flashloader\init.asm
                                  Referenced  ..\main.c
_main                             Defined     ..\main.c
                                  Referenced  C:\source\agon-vdpflash\flashloader\init.asm
_memcmp                           Defined     .\rtl\common\memcmp.asm
                                  Referenced  ..\src_fatfs\ff.c
_memcpy                           Defined     .\rtl\common\memcpy.asm
                                  Referenced  ..\src_fatfs\ff.c
_memset                           Defined     .\rtl\common\memset.asm
                                  Referenced  ..\src_fatfs\ff.c
_mode_spi                         Defined     ..\spi.c
_open_periphdevice                Defined     ..\src\boot\common\zsldevinitdummy.asm
_putch                            Defined     ..\protocol.c
_reset                            Defined     C:\source\agon-vdpflash\flashloader\init.asm
_rtc                              Defined     ..\src_fatfs\diskio.c
_SD_command                       Defined     ..\sd.c
_SD_CS_disable                    Defined     ..\spi.c
                                  Referenced  ..\sd.c
_SD_CS_enable                     Defined     ..\spi.c
                                  Referenced  ..\sd.c
_SD_goIdleState                   Defined     ..\sd.c
_SD_init                          Defined     ..\sd.c
                                  Referenced  ..\src_fatfs\diskio.c
_SD_powerUpSeq                    Defined     ..\sd.c
_SD_readBlocks                    Defined     ..\sd.c
                                  Referenced  ..\src_fatfs\diskio.c
_SD_readOCR                       Defined     ..\sd.c
_SD_readRes1                      Defined     ..\sd.c
_SD_readRes7                      Defined     ..\sd.c
_SD_readSingleBlock               Defined     ..\sd.c
_SD_sendApp                       Defined     ..\sd.c
_SD_sendIfCond                    Defined     ..\sd.c
_SD_sendOpCond                    Defined     ..\sd.c
_SD_writeBlocks                   Defined     ..\sd.c
_SD_writeSingleBlock              Defined     ..\sd.c
_sendStatus                       Defined     ..\protocol.c
                                  Referenced  ..\main.c
_spi_transfer                     Defined     ..\spi.c
                                  Referenced  ..\sd.c
_strchr                           Defined     .\strchr.asm
                                  Referenced  ..\src_fatfs\ff.c
_strlen                           Defined     .\strlen.asm
                                  Referenced  .\strchr.asm
_wait_timer0                      Defined     C:\source\agon-vdpflash\flashloader\init.asm
                                  Referenced  ..\sd.c

OUTPUT CHECKSUM
===============
flashloader.hex      227D6C
flashloader.lod      227D6C



END OF LINK MAP:
================
0 Errors
0 Warnings
