
IEEE 695 OMF Linker Version 6.25 (19073001)
Copyright (C) 1999-2008 Zilog, Inc. All Rights Reserved

LINK MAP:

DATE:      Sun Oct 22 17:06:38 2023
PROCESSOR: assembler
FILES:     .\init.obj             .\main.obj             .\sd.obj               
           .\ffunicode.obj        .\ff.obj               .\diskio.obj           
           .\spi.obj              .\timer.obj            .\serial.obj           
           .\agontimer.obj        .\protocol.obj         
           C:\ZiLOG\ZDSII_eZ80Acclaim!_5.3.5\lib\std\chelpD.lib
           C:\ZiLOG\ZDSII_eZ80Acclaim!_5.3.5\lib\std\crtD.lib
           C:\ZiLOG\ZDSII_eZ80Acclaim!_5.3.5\lib\std\crtSD.lib
           C:\ZiLOG\ZDSII_eZ80Acclaim!_5.3.5\lib\std\nokernelD.lib
           C:\ZiLOG\ZDSII_eZ80Acclaim!_5.3.5\lib\zilog\zsldevinitdummy.obj
           


COMMAND LIST:
=============
-FORMAT=OMF695,INTEL32
-map -maxhexlen=64 -quiet -warnoverlap -xref -unresolved=fatal
-sort NAME=ascending -warn -debug -NOigcase


RANGE ROM $045000 : $04FFFF
RANGE RAM $040000 : $0BFFFF
RANGE EXTIO $000000 : $00FFFF
RANGE INTIO $000000 : $0000FF

CHANGE CODE = RAM
CHANGE STRSECT = RAM
CHANGE DATA = RAM 

ORDER CODE,DATA

DEFINE __low_bss = base of BSS
DEFINE __len_bss = length of BSS

 "flashloader"=  ".\init.obj",  ".\main.obj",  ".\sd.obj",  ".\ffunicode.obj",  ".\ff.obj",  ".\diskio.obj",  ".\spi.obj",  ".\timer.obj",  ".\serial.obj",  ".\agontimer.obj",  ".\protocol.obj",  "C:\ZiLOG\ZDSII_eZ80Acclaim!_5.3.5\lib\std\chelpD.lib",  "C:\ZiLOG\ZDSII_eZ80Acclaim!_5.3.5\lib\std\crtD.lib",  "C:\ZiLOG\ZDSII_eZ80Acclaim!_5.3.5\lib\std\crtSD.lib",  "C:\ZiLOG\ZDSII_eZ80Acclaim!_5.3.5\lib\std\nokernelD.lib",  "C:\ZiLOG\ZDSII_eZ80Acclaim!_5.3.5\lib\zilog\zsldevinitdummy.obj"


SPACE ALLOCATION:
=================

Space                     Base         Top      Size      Used    Unused
------------------ ----------- ----------- --------- --------- ---------
RAM                   D:040000    D:044B28    80000H     4B29H    7B4D7H
                                          (   524288     19241    505047)
ROM                   C:045000    C:04543A     B000H      43BH     ABC5H
                                          (    45056      1083     43973)


SEGMENTS WITHIN SPACE:
======================

RAM                               Type        Base         Top      Size
------------------ ------------------- ----------- ----------- ---------
BSS                normal data            D:0448F4    D:044B28      235h
CODE               normal data            D:040000    D:0448C9     48cah
STRSECT            normal data            D:0448CA    D:0448F3       2ah


ROM                               Type        Base         Top      Size
------------------ ------------------- ----------- ----------- ---------
TEXT               normal data            C:045000    C:04543A      43bh

SEGMENTS WITHIN MODULES:
========================

Module: ..\agontimer.c (File: agontimer.obj) Version: 1:0 10/22/2023 17:06:38

    Name                                           Base         Top      Size
    --------------------------------------- ----------- ----------- ---------
    Segment: CODE                              D:04423D    D:04429E       62h


Module: ..\main.c (File: main.obj) Version: 1:0 10/22/2023 17:06:37

    Name                                           Base         Top      Size
    --------------------------------------- ----------- ----------- ---------
    Segment: BSS                               D:0448F4    D:044B21      22eh
    Segment: CODE                              D:040145    D:040491      34dh
    Segment: STRSECT                           D:0448CA    D:0448DA       11h


Module: ..\protocol.c (File: protocol.obj) Version: 1:0 10/22/2023 17:06:38

    Name                                           Base         Top      Size
    --------------------------------------- ----------- ----------- ---------
    Segment: CODE                              D:04429F    D:04441C      17eh


Module: ..\sd.c (File: sd.obj) Version: 1:0 10/22/2023 17:06:38

    Name                                           Base         Top      Size
    --------------------------------------- ----------- ----------- ---------
    Segment: CODE                              D:040492    D:040BEE      75dh


Module: ..\spi.c (File: spi.obj) Version: 1:0 10/22/2023 17:06:38

    Name                                           Base         Top      Size
    --------------------------------------- ----------- ----------- ---------
    Segment: CODE                              D:043FB6    D:0440F1      13ch


Module: ..\src\boot\common\zsldevinitdummy.asm (File: zsldevinitdummy.obj) Version: 1:0 10/02/2022 22:49:19

    Name                                           Base         Top      Size
    --------------------------------------- ----------- ----------- ---------
    Segment: CODE                              D:04441D    D:04441D        1h


Module: ..\src_fatfs\diskio.c (File: diskio.obj) Version: 1:0 10/22/2023 17:06:37

    Name                                           Base         Top      Size
    --------------------------------------- ----------- ----------- ---------
    Segment: BSS                               D:044B28    D:044B28        1h
    Segment: CODE                              D:043E68    D:043FB5      14eh


Module: ..\src_fatfs\ff.c (File: ff.obj) Version: 1:0 10/22/2023 17:06:37

    Name                                           Base         Top      Size
    --------------------------------------- ----------- ----------- ---------
    Segment: BSS                               D:044B22    D:044B27        6h
    Segment: CODE                              D:040EEF    D:043E67     2f79h
    Segment: STRSECT                           D:0448DB    D:0448F3       19h
    Segment: TEXT                              C:0453AE    C:04543A       8dh


Module: ..\src_fatfs\ffunicode.c (File: ffunicode.obj) Version: 1:0 10/22/2023 17:06:37

    Name                                           Base         Top      Size
    --------------------------------------- ----------- ----------- ---------
    Segment: CODE                              D:040BEF    D:040EEE      300h
    Segment: TEXT                              C:045000    C:0453AD      3aeh


Module: ..\timer.c (File: timer.obj) Version: 1:0 10/22/2023 17:06:38

    Name                                           Base         Top      Size
    --------------------------------------- ----------- ----------- ---------
    Segment: CODE                              D:0440F2    D:0441DA       e9h


Module: .\rtl\common\bshl.asm (Library: chelpD.lib) Version: 1:0 10/02/2022 22:48:49

    Name                                           Base         Top      Size
    --------------------------------------- ----------- ----------- ---------
    Segment: CODE                              D:0448C1    D:0448C9        9h


Module: .\rtl\common\case16D.asm (Library: chelpD.lib) Version: 1:0 10/02/2022 22:48:52

    Name                                           Base         Top      Size
    --------------------------------------- ----------- ----------- ---------
    Segment: CODE                              D:044510    D:04454E       3fh


Module: .\rtl\common\case8D.asm (Library: chelpD.lib) Version: 1:0 10/02/2022 22:48:53

    Name                                           Base         Top      Size
    --------------------------------------- ----------- ----------- ---------
    Segment: CODE                              D:044735    D:04476E       3ah


Module: .\rtl\common\iand.asm (Library: chelpD.lib) Version: 1:0 10/02/2022 22:48:50

    Name                                           Base         Top      Size
    --------------------------------------- ----------- ----------- ---------
    Segment: CODE                              D:04478B    D:0447A5       1bh


Module: .\rtl\common\icmpzero.asm (Library: chelpD.lib) Version: 1:0 10/02/2022 22:48:52

    Name                                           Base         Top      Size
    --------------------------------------- ----------- ----------- ---------
    Segment: CODE                              D:04467C    D:044687        ch


Module: .\rtl\common\idivs.asm (Library: chelpD.lib) Version: 1:0 10/02/2022 22:48:50

    Name                                           Base         Top      Size
    --------------------------------------- ----------- ----------- ---------
    Segment: CODE                              D:0446BA    D:0446F2       39h


Module: .\rtl\common\idivu.asm (Library: chelpD.lib) Version: 1:0 10/02/2022 22:48:50

    Name                                           Base         Top      Size
    --------------------------------------- ----------- ----------- ---------
    Segment: CODE                              D:04459F    D:0445BF       21h


Module: .\rtl\common\ildix.asm (Library: chelpD.lib) Version: 1:0 10/02/2022 22:48:50

    Name                                           Base         Top      Size
    --------------------------------------- ----------- ----------- ---------
    Segment: CODE                              D:04482A    D:044835        ch


Module: .\rtl\common\imulu.asm (Library: chelpD.lib) Version: 1:0 10/02/2022 22:48:50

    Name                                           Base         Top      Size
    --------------------------------------- ----------- ----------- ---------
    Segment: CODE                              D:0447E2    D:044829       48h


Module: .\rtl\common\ior.asm (Library: chelpD.lib) Version: 1:0 10/02/2022 22:48:50

    Name                                           Base         Top      Size
    --------------------------------------- ----------- ----------- ---------
    Segment: CODE                              D:0444EF    D:044509       1bh


Module: .\rtl\common\irems.asm (Library: chelpD.lib) Version: 1:0 10/02/2022 22:48:50

    Name                                           Base         Top      Size
    --------------------------------------- ----------- ----------- ---------
    Segment: CODE                              D:044442    D:044479       38h


Module: .\rtl\common\iremu.asm (Library: chelpD.lib) Version: 1:0 10/02/2022 22:48:50

    Name                                           Base         Top      Size
    --------------------------------------- ----------- ----------- ---------
    Segment: CODE                              D:0444E6    D:0444EE        9h


Module: .\rtl\common\ishl.asm (Library: chelpD.lib) Version: 1:0 10/02/2022 22:48:50

    Name                                           Base         Top      Size
    --------------------------------------- ----------- ----------- ---------
    Segment: CODE                              D:0447C7    D:0447D8       12h


Module: .\rtl\common\ishrs.asm (Library: chelpD.lib) Version: 1:0 10/02/2022 22:48:50

    Name                                           Base         Top      Size
    --------------------------------------- ----------- ----------- ---------
    Segment: CODE                              D:04447A    D:04449E       25h


Module: .\rtl\common\ishru.asm (Library: chelpD.lib) Version: 1:0 10/02/2022 22:48:50

    Name                                           Base         Top      Size
    --------------------------------------- ----------- ----------- ---------
    Segment: CODE                              D:0446F3    D:044717       25h


Module: .\rtl\common\istix.asm (Library: chelpD.lib) Version: 1:0 10/02/2022 22:48:50

    Name                                           Base         Top      Size
    --------------------------------------- ----------- ----------- ---------
    Segment: CODE                              D:0444DA    D:0444E5        ch


Module: .\rtl\common\itol.asm (Library: chelpD.lib) Version: 1:0 10/02/2022 22:48:50

    Name                                           Base         Top      Size
    --------------------------------------- ----------- ----------- ---------
    Segment: CODE                              D:044718    D:04471E        7h


Module: .\rtl\common\ladd.asm (Library: chelpD.lib) Version: 1:0 10/02/2022 22:48:50

    Name                                           Base         Top      Size
    --------------------------------------- ----------- ----------- ---------
    Segment: CODE                              D:04442D    D:044441       15h


Module: .\rtl\common\land.asm (Library: chelpD.lib) Version: 1:0 10/02/2022 22:48:50

    Name                                           Base         Top      Size
    --------------------------------------- ----------- ----------- ---------
    Segment: CODE                              D:04484B    D:044853        9h


Module: .\rtl\common\lcmpu.asm (Library: chelpD.lib) Version: 1:0 10/02/2022 22:48:50

    Name                                           Base         Top      Size
    --------------------------------------- ----------- ----------- ---------
    Segment: CODE                              D:04471F    D:044734       16h


Module: .\rtl\common\lcmpzero.asm (Library: chelpD.lib) Version: 1:0 10/02/2022 22:48:52

    Name                                           Base         Top      Size
    --------------------------------------- ----------- ----------- ---------
    Segment: CODE                              D:04454F    D:044562       14h


Module: .\rtl\common\ldivs.asm (Library: chelpD.lib) Version: 1:0 10/02/2022 22:48:50

    Name                                           Base         Top      Size
    --------------------------------------- ----------- ----------- ---------
    Segment: CODE                              D:044563    D:044591       2fh


Module: .\rtl\common\ldivu.asm (Library: chelpD.lib) Version: 1:0 10/02/2022 22:48:50

    Name                                           Base         Top      Size
    --------------------------------------- ----------- ----------- ---------
    Segment: CODE                              D:0445C0    D:0445F5       36h


Module: .\rtl\common\lmulu.asm (Library: chelpD.lib) Version: 1:0 10/02/2022 22:48:50

    Name                                           Base         Top      Size
    --------------------------------------- ----------- ----------- ---------
    Segment: CODE                              D:044854    D:0448C0       6dh


Module: .\rtl\common\lneg.asm (Library: chelpD.lib) Version: 1:0 10/02/2022 22:48:50

    Name                                           Base         Top      Size
    --------------------------------------- ----------- ----------- ---------
    Segment: CODE                              D:044592    D:04459E        dh


Module: .\rtl\common\lor.asm (Library: chelpD.lib) Version: 1:0 10/02/2022 22:48:50

    Name                                           Base         Top      Size
    --------------------------------------- ----------- ----------- ---------
    Segment: CODE                              D:04466A    D:044672        9h


Module: .\rtl\common\lshl.asm (Library: chelpD.lib) Version: 1:0 10/02/2022 22:48:51

    Name                                           Base         Top      Size
    --------------------------------------- ----------- ----------- ---------
    Segment: CODE                              D:04477C    D:04478A        fh


Module: .\rtl\common\lshru.asm (Library: chelpD.lib) Version: 1:0 10/02/2022 22:48:51

    Name                                           Base         Top      Size
    --------------------------------------- ----------- ----------- ---------
    Segment: CODE                              D:04461E    D:04463F       22h


Module: .\rtl\common\lsub.asm (Library: chelpD.lib) Version: 1:0 10/02/2022 22:48:51

    Name                                           Base         Top      Size
    --------------------------------------- ----------- ----------- ---------
    Segment: CODE                              D:044612    D:04461D        ch


Module: .\rtl\common\memcmp.asm (Library: crtD.lib) Version: 1:0 10/02/2022 22:48:13

    Name                                           Base         Top      Size
    --------------------------------------- ----------- ----------- ---------
    Segment: CODE                              D:044640    D:044669       2ah


Module: .\rtl\common\memcpy.asm (Library: crtD.lib) Version: 1:0 10/02/2022 22:48:13

    Name                                           Base         Top      Size
    --------------------------------------- ----------- ----------- ---------
    Segment: CODE                              D:0445F6    D:044611       1ch


Module: .\rtl\common\memset.asm (Library: crtD.lib) Version: 1:0 10/02/2022 22:48:13

    Name                                           Base         Top      Size
    --------------------------------------- ----------- ----------- ---------
    Segment: CODE                              D:0447A6    D:0447C6       21h


Module: .\rtl\common\sand.asm (Library: chelpD.lib) Version: 1:0 10/02/2022 22:48:51

    Name                                           Base         Top      Size
    --------------------------------------- ----------- ----------- ---------
    Segment: CODE                              D:044673    D:04467B        9h


Module: .\rtl\common\scmpzero.asm (Library: chelpD.lib) Version: 1:0 10/02/2022 22:48:52

    Name                                           Base         Top      Size
    --------------------------------------- ----------- ----------- ---------
    Segment: CODE                              D:04476F    D:04477B        dh


Module: .\rtl\common\seqcaseD.asm (Library: chelpD.lib) Version: 1:0 10/02/2022 22:48:52

    Name                                           Base         Top      Size
    --------------------------------------- ----------- ----------- ---------
    Segment: CODE                              D:04449F    D:0444D9       3bh


Module: .\rtl\common\setflag.asm (Library: chelpD.lib) Version: 1:0 10/02/2022 22:48:52

    Name                                           Base         Top      Size
    --------------------------------------- ----------- ----------- ---------
    Segment: CODE                              D:04441E    D:04442C        fh


Module: .\rtl\common\smulu.asm (Library: chelpD.lib) Version: 1:0 10/02/2022 22:48:51

    Name                                           Base         Top      Size
    --------------------------------------- ----------- ----------- ---------
    Segment: CODE                              D:044836    D:04484A       15h


Module: .\rtl\common\sor.asm (Library: chelpD.lib) Version: 1:0 10/02/2022 22:48:51

    Name                                           Base         Top      Size
    --------------------------------------- ----------- ----------- ---------
    Segment: CODE                              D:0447D9    D:0447E1        9h


Module: .\rtl\common\stoiu.asm (Library: chelpD.lib) Version: 1:0 10/02/2022 22:48:51

    Name                                           Base         Top      Size
    --------------------------------------- ----------- ----------- ---------
    Segment: CODE                              D:04450A    D:04450F        6h


Module: .\strchr.asm (Library: crtD.lib) Version: 1:0 10/02/2022 22:48:13

    Name                                           Base         Top      Size
    --------------------------------------- ----------- ----------- ---------
    Segment: CODE                              D:044688    D:0446A4       1dh


Module: .\strlen.asm (Library: crtD.lib) Version: 1:0 10/02/2022 22:48:13

    Name                                           Base         Top      Size
    --------------------------------------- ----------- ----------- ---------
    Segment: CODE                              D:0446A5    D:0446B9       15h


Module: C:\source\agon-vdpflash\flashloader\init.asm (File: init.obj) Version: 1:0 10/22/2023 17:06:36

    Name                                           Base         Top      Size
    --------------------------------------- ----------- ----------- ---------
    Segment: CODE                              D:040000    D:040144      145h


Module: C:\source\agon-vdpflash\flashloader\serial.asm (File: serial.obj) Version: 1:0 10/22/2023 17:06:38

    Name                                           Base         Top      Size
    --------------------------------------- ----------- ----------- ---------
    Segment: CODE                              D:0441DB    D:04423C       62h

EXTERNAL DEFINITIONS:
=====================

Symbol                               Address Module          Segment
-------------------------------- ----------- --------------- --------------------------------
__bshl                              D:0448C1 bshl            CODE                            
__case16D                           D:044510 case16D         CODE                            
__case8D                            D:044735 case8D          CODE                            
__close_periphdevice                D:04441D zsldevinitdummy CODE                            
__iand                              D:04478B iand            CODE                            
__icmpzero                          D:04467C icmpzero        CODE                            
__idivs                             D:0446BA idivs           CODE                            
__idivu                             D:04459F idivu           CODE                            
__idvrmu                            D:0445A9 idivu           CODE                            
__ildix                             D:04482A ildix           CODE                            
__imul_b                            D:0447E2 imulu           CODE                            
__imuls                             D:0447EE imulu           CODE                            
__imulu                             D:0447EE imulu           CODE                            
__ior                               D:0444EF ior             CODE                            
__irems                             D:044442 irems           CODE                            
__iremu                             D:0444E6 iremu           CODE                            
__ishl                              D:0447CF ishl            CODE                            
__ishl_b                            D:0447C7 ishl            CODE                            
__ishrs                             D:044482 ishrs           CODE                            
__ishrs_b                           D:04447A ishrs           CODE                            
__ishru                             D:0446FB ishru           CODE                            
__ishru_b                           D:0446F3 ishru           CODE                            
__istix                             D:0444DA istix           CODE                            
__itol                              D:044718 itol            CODE                            
__ladd                              D:04443C ladd            CODE                            
__ladd_b                            D:04442D ladd            CODE                            
__land                              D:04484B land            CODE                            
__lcmps                             D:04471F lcmpu           CODE                            
__lcmpu                             D:04471F lcmpu           CODE                            
__lcmpzero                          D:04454F lcmpzero        CODE                            
__ldivs                             D:044563 ldivs           CODE                            
__ldivu                             D:0445C0 ldivu           CODE                            
__ldvrmu                            D:0445D2 ldivu           CODE                            
__len_bss                           00000235 (User Defined)
__lmuls                             D:044854 lmulu           CODE                            
__lmulu                             D:044854 lmulu           CODE                            
__lneg                              D:044592 lneg            CODE                            
__lor                               D:04466A lor             CODE                            
__low_bss                           000448F4 (User Defined)
__lshl                              D:04477C lshl            CODE                            
__lshru                             D:04461E lshru           CODE                            
__lsub                              D:044612 lsub            CODE                            
__open_periphdevice                 D:04441D zsldevinitdummy CODE                            
__sand                              D:044673 sand            CODE                            
__scmpzero                          D:04476F scmpzero        CODE                            
__seqcaseD                          D:04449F seqcaseD        CODE                            
__setflag                           D:04441E setflag         CODE                            
__smuls                             D:044836 smulu           CODE                            
__smulu                             D:044836 smulu           CODE                            
__sor                               D:0447D9 sor             CODE                            
__stoiu                             D:04450A stoiu           CODE                            
_close_periphdevice                 D:04441D zsldevinitdummy CODE                            
_delayms                            D:04423D agontimer       CODE                            
_disk_initialize                    D:043E77 diskio          CODE                            
_disk_ioctl                         D:043ECD diskio          CODE                            
_disk_read                          D:043E95 diskio          CODE                            
_disk_status                        D:043E68 diskio          CODE                            
_enable_timer0                      D:04417F timer           CODE                            
_enableFlashKeyRegister             D:0400F9 init            CODE                            
_f_chdir                            D:043905 ff              CODE                            
_f_chdrive                          D:0438D3 ff              CODE                            
_f_close                            D:04389E ff              CODE                            
_f_getcwd                           D:0439B6 ff              CODE                            
_f_getlabel                         D:043C20 ff              CODE                            
_f_gets                             D:043DB3 ff              CODE                            
_f_mount                            D:043387 ff              CODE                            
_f_open                             D:043413 ff              CODE                            
_f_read                             D:043563 ff              CODE                            
_fastmemcpy                         D:040126 init            CODE                            
_ff_oem2uni                         D:040C9A ffunicode       CODE                            
_ff_uni2oem                         D:040BEF ffunicode       CODE                            
_ff_wtoupper                        D:040D02 ffunicode       CODE                            
_fs                                 D:0448F4 main            BSS                             
_get_fattime                        D:043EDE diskio          CODE                            
_get_timer0                         D:0441AE timer           CODE                            
_getch                              D:0443C7 protocol        CODE                            
_init_spi                           D:04401D spi             CODE                            
_init_timer0                        D:0440F2 timer           CODE                            
_init_UART0                         D:0441DB serial          CODE                            
_lockFlashKeyRegister               D:040111 init            CODE                            
_main                               D:040145 main            CODE                            
_memcmp                             D:044640 memcmp          CODE                            
_memcpy                             D:0445F6 memcpy          CODE                            
_memset                             D:0447A6 memset          CODE                            
_mode_spi                           D:0440BD spi             CODE                            
_open_periphdevice                  D:04441D zsldevinitdummy CODE                            
_putch                              D:04429F protocol        CODE                            
_read_UART0                         D:044343 protocol        CODE                            
_reset                              D:040124 init            CODE                            
_rtc                                D:044B28 diskio          BSS                             
_SD_command                         D:040492 sd              CODE                            
_SD_CS_disable                      D:043FCC spi             CODE                            
_SD_CS_enable                       D:043FB6 spi             CODE                            
_SD_goIdleState                     D:0405A5 sd              CODE                            
_SD_init                            D:040B11 sd              CODE                            
_SD_powerUpSeq                      D:040782 sd              CODE                            
_SD_readBlocks                      D:0407D3 sd              CODE                            
_SD_readOCR                         D:040727 sd              CODE                            
_SD_readRes1                        D:040500 sd              CODE                            
_SD_readRes7                        D:040534 sd              CODE                            
_SD_readSingleBlock                 D:040A12 sd              CODE                            
_SD_sendApp                         D:040665 sd              CODE                            
_SD_sendIfCond                      D:040602 sd              CODE                            
_SD_sendOpCond                      D:0406C2 sd              CODE                            
_SD_writeBlocks                     D:040863 sd              CODE                            
_SD_writeSingleBlock                D:0408F2 sd              CODE                            
_sendStatus                         D:0442CC protocol        CODE                            
_spi_transfer                       D:043FE2 spi             CODE                            
_strchr                             D:044688 strchr          CODE                            
_strlen                             D:0446A5 strlen          CODE                            
_wait_timer0                        D:0400E3 init            CODE                            

111 external symbol(s).

SYMBOL CROSS REFERENCE:
=======================
Name                              Use         Module
--------------------------------- ----------- -------------------------
__bshl                            Defined     .\rtl\common\bshl.asm
                                  Referenced  ..\src_fatfs\ff.c
__case16D                         Defined     .\rtl\common\case16D.asm
                                  Referenced  ..\timer.c
__case8D                          Defined     .\rtl\common\case8D.asm
                                  Referenced  ..\src_fatfs\ff.c
__close_periphdevice              Defined     ..\src\boot\common\zsldevinitdummy.asm
__iand                            Defined     .\rtl\common\iand.asm
                                  Referenced  ..\main.c
                                  Referenced  ..\src_fatfs\ff.c
                                  Referenced  .\rtl\common\land.asm
__icmpzero                        Defined     .\rtl\common\icmpzero.asm
                                  Referenced  ..\main.c
                                  Referenced  ..\src_fatfs\ff.c
                                  Referenced  ..\agontimer.c
                                  Referenced  ..\protocol.c
__idivs                           Defined     .\rtl\common\idivs.asm
                                  Referenced  ..\spi.c
__idivu                           Defined     .\rtl\common\idivu.asm
                                  Referenced  .\rtl\common\idivs.asm
__idvrmu                          Defined     .\rtl\common\idivu.asm
                                  Referenced  .\rtl\common\iremu.asm
__ildix                           Defined     .\rtl\common\ildix.asm
                                  Referenced  ..\src_fatfs\ff.c
__imul_b                          Defined     .\rtl\common\imulu.asm
                                  Referenced  ..\src_fatfs\ff.c
__imuls                           Defined     .\rtl\common\imulu.asm
__imulu                           Defined     .\rtl\common\imulu.asm
__ior                             Defined     .\rtl\common\ior.asm
                                  Referenced  ..\src_fatfs\ff.c
                                  Referenced  .\rtl\common\lor.asm
__irems                           Defined     .\rtl\common\irems.asm
                                  Referenced  ..\spi.c
__iremu                           Defined     .\rtl\common\iremu.asm
                                  Referenced  .\rtl\common\irems.asm
__ishl                            Defined     .\rtl\common\ishl.asm
__ishl_b                          Defined     .\rtl\common\ishl.asm
                                  Referenced  ..\src_fatfs\ff.c
__ishrs                           Defined     .\rtl\common\ishrs.asm
__ishrs_b                         Defined     .\rtl\common\ishrs.asm
                                  Referenced  ..\src_fatfs\ffunicode.c
                                  Referenced  ..\src_fatfs\ff.c
                                  Referenced  ..\src_fatfs\diskio.c
                                  Referenced  ..\timer.c
__ishru                           Defined     .\rtl\common\ishru.asm
__ishru_b                         Defined     .\rtl\common\ishru.asm
                                  Referenced  ..\main.c
                                  Referenced  ..\src_fatfs\ff.c
__istix                           Defined     .\rtl\common\istix.asm
                                  Referenced  ..\src_fatfs\ff.c
__itol                            Defined     .\rtl\common\itol.asm
                                  Referenced  ..\main.c
                                  Referenced  ..\src_fatfs\ff.c
                                  Referenced  ..\src_fatfs\diskio.c
                                  Referenced  ..\timer.c
__ladd                            Defined     .\rtl\common\ladd.asm
                                  Referenced  ..\main.c
                                  Referenced  ..\src_fatfs\ff.c
__ladd_b                          Defined     .\rtl\common\ladd.asm
                                  Referenced  ..\main.c
                                  Referenced  ..\sd.c
                                  Referenced  ..\src_fatfs\ff.c
                                  Referenced  ..\src_fatfs\diskio.c
                                  Referenced  ..\spi.c
__land                            Defined     .\rtl\common\land.asm
                                  Referenced  ..\src_fatfs\ff.c
__lcmps                           Defined     .\rtl\common\lcmpu.asm
                                  Referenced  ..\spi.c
__lcmpu                           Defined     .\rtl\common\lcmpu.asm
                                  Referenced  ..\src_fatfs\ffunicode.c
                                  Referenced  ..\src_fatfs\ff.c
                                  Referenced  .\rtl\common\lcmpzero.asm
__lcmpzero                        Defined     .\rtl\common\lcmpzero.asm
                                  Referenced  ..\src_fatfs\ff.c
__ldivs                           Defined     .\rtl\common\ldivs.asm
                                  Referenced  ..\timer.c
__ldivu                           Defined     .\rtl\common\ldivu.asm
                                  Referenced  ..\src_fatfs\ff.c
                                  Referenced  .\rtl\common\ldivs.asm
__ldvrmu                          Defined     .\rtl\common\ldivu.asm
__len_bss                         Defined     LINKER
                                  Referenced  C:\source\agon-vdpflash\flashloader\init.asm
__lmuls                           Defined     .\rtl\common\lmulu.asm
__lmulu                           Defined     .\rtl\common\lmulu.asm
                                  Referenced  ..\src_fatfs\ff.c
__lneg                            Defined     .\rtl\common\lneg.asm
                                  Referenced  .\rtl\common\ldivs.asm
__lor                             Defined     .\rtl\common\lor.asm
                                  Referenced  ..\src_fatfs\ff.c
                                  Referenced  ..\src_fatfs\diskio.c
__low_bss                         Defined     LINKER
                                  Referenced  C:\source\agon-vdpflash\flashloader\init.asm
__lshl                            Defined     .\rtl\common\lshl.asm
                                  Referenced  ..\src_fatfs\ff.c
                                  Referenced  ..\src_fatfs\diskio.c
__lshru                           Defined     .\rtl\common\lshru.asm
                                  Referenced  ..\sd.c
                                  Referenced  ..\src_fatfs\ff.c
                                  Referenced  ..\protocol.c
__lsub                            Defined     .\rtl\common\lsub.asm
                                  Referenced  ..\src_fatfs\ff.c
__open_periphdevice               Defined     ..\src\boot\common\zsldevinitdummy.asm
__sand                            Defined     .\rtl\common\sand.asm
                                  Referenced  ..\src_fatfs\ff.c
__scmpzero                        Defined     .\rtl\common\scmpzero.asm
                                  Referenced  ..\src_fatfs\ffunicode.c
                                  Referenced  ..\src_fatfs\ff.c
                                  Referenced  ..\agontimer.c
__seqcaseD                        Defined     .\rtl\common\seqcaseD.asm
                                  Referenced  ..\src_fatfs\ffunicode.c
                                  Referenced  ..\src_fatfs\ff.c
__setflag                         Defined     .\rtl\common\setflag.asm
                                  Referenced  ..\sd.c
                                  Referenced  ..\src_fatfs\ffunicode.c
                                  Referenced  ..\src_fatfs\ff.c
                                  Referenced  ..\spi.c
__smuls                           Defined     .\rtl\common\smulu.asm
__smulu                           Defined     .\rtl\common\smulu.asm
                                  Referenced  ..\timer.c
__sor                             Defined     .\rtl\common\sor.asm
                                  Referenced  ..\src_fatfs\ff.c
                                  Referenced  ..\timer.c
                                  Referenced  ..\agontimer.c
__stoiu                           Defined     .\rtl\common\stoiu.asm
                                  Referenced  ..\sd.c
                                  Referenced  ..\src_fatfs\ffunicode.c
                                  Referenced  ..\src_fatfs\ff.c
                                  Referenced  ..\timer.c
_close_periphdevice               Defined     ..\src\boot\common\zsldevinitdummy.asm
_delayms                          Defined     ..\agontimer.c
_disk_initialize                  Defined     ..\src_fatfs\diskio.c
                                  Referenced  ..\src_fatfs\ff.c
_disk_ioctl                       Defined     ..\src_fatfs\diskio.c
_disk_read                        Defined     ..\src_fatfs\diskio.c
                                  Referenced  ..\src_fatfs\ff.c
_disk_status                      Defined     ..\src_fatfs\diskio.c
                                  Referenced  ..\src_fatfs\ff.c
_enable_timer0                    Defined     ..\timer.c
                                  Referenced  ..\sd.c
_enableFlashKeyRegister           Defined     C:\source\agon-vdpflash\flashloader\init.asm
                                  Referenced  ..\main.c
_f_chdir                          Defined     ..\src_fatfs\ff.c
_f_chdrive                        Defined     ..\src_fatfs\ff.c
_f_close                          Defined     ..\src_fatfs\ff.c
                                  Referenced  ..\main.c
_f_getcwd                         Defined     ..\src_fatfs\ff.c
_f_getlabel                       Defined     ..\src_fatfs\ff.c
_f_gets                           Defined     ..\src_fatfs\ff.c
_f_mount                          Defined     ..\src_fatfs\ff.c
                                  Referenced  ..\main.c
_f_open                           Defined     ..\src_fatfs\ff.c
                                  Referenced  ..\main.c
_f_read                           Defined     ..\src_fatfs\ff.c
                                  Referenced  ..\main.c
_fastmemcpy                       Defined     C:\source\agon-vdpflash\flashloader\init.asm
                                  Referenced  ..\main.c
_ff_oem2uni                       Defined     ..\src_fatfs\ffunicode.c
                                  Referenced  ..\src_fatfs\ff.c
_ff_uni2oem                       Defined     ..\src_fatfs\ffunicode.c
                                  Referenced  ..\src_fatfs\ff.c
_ff_wtoupper                      Defined     ..\src_fatfs\ffunicode.c
                                  Referenced  ..\src_fatfs\ff.c
_fs                               Defined     ..\main.c
_get_fattime                      Defined     ..\src_fatfs\diskio.c
_get_timer0                       Defined     ..\timer.c
_getch                            Defined     ..\protocol.c
                                  Referenced  ..\main.c
_init_spi                         Defined     ..\spi.c
                                  Referenced  ..\main.c
_init_timer0                      Defined     ..\timer.c
                                  Referenced  ..\sd.c
_init_UART0                       Defined     C:\source\agon-vdpflash\flashloader\serial.asm
                                  Referenced  ..\main.c
_lockFlashKeyRegister             Defined     C:\source\agon-vdpflash\flashloader\init.asm
                                  Referenced  ..\main.c
_main                             Defined     ..\main.c
                                  Referenced  C:\source\agon-vdpflash\flashloader\init.asm
_memcmp                           Defined     .\rtl\common\memcmp.asm
                                  Referenced  ..\src_fatfs\ff.c
_memcpy                           Defined     .\rtl\common\memcpy.asm
                                  Referenced  ..\src_fatfs\ff.c
_memset                           Defined     .\rtl\common\memset.asm
                                  Referenced  ..\src_fatfs\ff.c
_mode_spi                         Defined     ..\spi.c
_open_periphdevice                Defined     ..\src\boot\common\zsldevinitdummy.asm
_putch                            Defined     ..\protocol.c
                                  Referenced  ..\main.c
_read_UART0                       Defined     ..\protocol.c
_reset                            Defined     C:\source\agon-vdpflash\flashloader\init.asm
_rtc                              Defined     ..\src_fatfs\diskio.c
_SD_command                       Defined     ..\sd.c
_SD_CS_disable                    Defined     ..\spi.c
                                  Referenced  ..\sd.c
_SD_CS_enable                     Defined     ..\spi.c
                                  Referenced  ..\sd.c
_SD_goIdleState                   Defined     ..\sd.c
_SD_init                          Defined     ..\sd.c
                                  Referenced  ..\src_fatfs\diskio.c
_SD_powerUpSeq                    Defined     ..\sd.c
_SD_readBlocks                    Defined     ..\sd.c
                                  Referenced  ..\src_fatfs\diskio.c
_SD_readOCR                       Defined     ..\sd.c
_SD_readRes1                      Defined     ..\sd.c
_SD_readRes7                      Defined     ..\sd.c
_SD_readSingleBlock               Defined     ..\sd.c
_SD_sendApp                       Defined     ..\sd.c
_SD_sendIfCond                    Defined     ..\sd.c
_SD_sendOpCond                    Defined     ..\sd.c
_SD_writeBlocks                   Defined     ..\sd.c
_SD_writeSingleBlock              Defined     ..\sd.c
_sendStatus                       Defined     ..\protocol.c
                                  Referenced  ..\main.c
_spi_transfer                     Defined     ..\spi.c
                                  Referenced  ..\sd.c
_strchr                           Defined     .\strchr.asm
                                  Referenced  ..\src_fatfs\ff.c
_strlen                           Defined     .\strlen.asm
                                  Referenced  .\strchr.asm
_wait_timer0                      Defined     C:\source\agon-vdpflash\flashloader\init.asm
                                  Referenced  ..\sd.c

OUTPUT CHECKSUM
===============
flashloader.hex      23E295
flashloader.lod      23E295



END OF LINK MAP:
================
0 Errors
0 Warnings
