
IEEE 695 OMF Linker Version 6.25 (19073001)
Copyright (C) 1999-2008 Zilog, Inc. All Rights Reserved

LINK MAP:

DATE:      Sat Oct 21 18:50:18 2023
PROCESSOR: assembler
FILES:     .\init.obj             .\main.obj             .\sd.obj               
           .\ffunicode.obj        .\ff.obj               .\diskio.obj           
           .\spi.obj              .\timer.obj            .\serial.obj           
           .\agontimer.obj        .\protocol.obj         
           C:\ZiLOG\ZDSII_eZ80Acclaim!_5.3.5\lib\std\chelpD.lib
           C:\ZiLOG\ZDSII_eZ80Acclaim!_5.3.5\lib\std\crtD.lib
           C:\ZiLOG\ZDSII_eZ80Acclaim!_5.3.5\lib\std\crtSD.lib
           C:\ZiLOG\ZDSII_eZ80Acclaim!_5.3.5\lib\std\nokernelD.lib
           C:\ZiLOG\ZDSII_eZ80Acclaim!_5.3.5\lib\zilog\zsldevinitdummy.obj
           


COMMAND LIST:
=============
-FORMAT=OMF695,INTEL32
-map -maxhexlen=64 -quiet -warnoverlap -xref -unresolved=fatal
-sort NAME=ascending -warn -debug -NOigcase


RANGE ROM $045000 : $04FFFF
RANGE RAM $040000 : $0BFFFF
RANGE EXTIO $000000 : $00FFFF
RANGE INTIO $000000 : $0000FF

CHANGE CODE = RAM
CHANGE STRSECT = RAM
CHANGE DATA = RAM 

ORDER CODE,DATA

DEFINE __low_bss = base of BSS
DEFINE __len_bss = length of BSS

 "flashloader"=  ".\init.obj",  ".\main.obj",  ".\sd.obj",  ".\ffunicode.obj",  ".\ff.obj",  ".\diskio.obj",  ".\spi.obj",  ".\timer.obj",  ".\serial.obj",  ".\agontimer.obj",  ".\protocol.obj",  "C:\ZiLOG\ZDSII_eZ80Acclaim!_5.3.5\lib\std\chelpD.lib",  "C:\ZiLOG\ZDSII_eZ80Acclaim!_5.3.5\lib\std\crtD.lib",  "C:\ZiLOG\ZDSII_eZ80Acclaim!_5.3.5\lib\std\crtSD.lib",  "C:\ZiLOG\ZDSII_eZ80Acclaim!_5.3.5\lib\std\nokernelD.lib",  "C:\ZiLOG\ZDSII_eZ80Acclaim!_5.3.5\lib\zilog\zsldevinitdummy.obj"


SPACE ALLOCATION:
=================

Space                     Base         Top      Size      Used    Unused
------------------ ----------- ----------- --------- --------- ---------
RAM                   D:040000    D:0449F8    80000H     49F9H    7B607H
                                          (   524288     18937    505351)
ROM                   C:045000    C:04543A     B000H      43BH     ABC5H
                                          (    45056      1083     43973)


SEGMENTS WITHIN SPACE:
======================

RAM                               Type        Base         Top      Size
------------------ ------------------- ----------- ----------- ---------
BSS                normal data            D:0447C4    D:0449F8      235h
CODE               normal data            D:040000    D:0447A1     47a2h
STRSECT            normal data            D:0447A2    D:0447C3       22h


ROM                               Type        Base         Top      Size
------------------ ------------------- ----------- ----------- ---------
TEXT               normal data            C:045000    C:04543A      43bh

SEGMENTS WITHIN MODULES:
========================

Module: ..\agontimer.c (File: agontimer.obj) Version: 1:0 10/21/2023 18:50:17

    Name                                           Base         Top      Size
    --------------------------------------- ----------- ----------- ---------
    Segment: CODE                              D:04411C    D:04417D       62h


Module: ..\main.c (File: main.obj) Version: 1:0 10/21/2023 18:50:16

    Name                                           Base         Top      Size
    --------------------------------------- ----------- ----------- ---------
    Segment: BSS                               D:0447C4    D:0449F1      22eh
    Segment: CODE                              D:040145    D:040370      22ch
    Segment: STRSECT                           D:0447A2    D:0447AA        9h


Module: ..\protocol.c (File: protocol.obj) Version: 1:0 10/21/2023 18:50:18

    Name                                           Base         Top      Size
    --------------------------------------- ----------- ----------- ---------
    Segment: CODE                              D:04417E    D:0442F4      177h


Module: ..\sd.c (File: sd.obj) Version: 1:0 10/21/2023 18:50:17

    Name                                           Base         Top      Size
    --------------------------------------- ----------- ----------- ---------
    Segment: CODE                              D:040371    D:040ACD      75dh


Module: ..\spi.c (File: spi.obj) Version: 1:0 10/21/2023 18:50:17

    Name                                           Base         Top      Size
    --------------------------------------- ----------- ----------- ---------
    Segment: CODE                              D:043E95    D:043FD0      13ch


Module: ..\src\boot\common\zsldevinitdummy.asm (File: zsldevinitdummy.obj) Version: 1:0 10/02/2022 22:49:19

    Name                                           Base         Top      Size
    --------------------------------------- ----------- ----------- ---------
    Segment: CODE                              D:0442F5    D:0442F5        1h


Module: ..\src_fatfs\diskio.c (File: diskio.obj) Version: 1:0 10/21/2023 18:50:16

    Name                                           Base         Top      Size
    --------------------------------------- ----------- ----------- ---------
    Segment: BSS                               D:0449F8    D:0449F8        1h
    Segment: CODE                              D:043D47    D:043E94      14eh


Module: ..\src_fatfs\ff.c (File: ff.obj) Version: 1:0 10/21/2023 18:50:17

    Name                                           Base         Top      Size
    --------------------------------------- ----------- ----------- ---------
    Segment: BSS                               D:0449F2    D:0449F7        6h
    Segment: CODE                              D:040DCE    D:043D46     2f79h
    Segment: STRSECT                           D:0447AB    D:0447C3       19h
    Segment: TEXT                              C:0453AE    C:04543A       8dh


Module: ..\src_fatfs\ffunicode.c (File: ffunicode.obj) Version: 1:0 10/21/2023 18:50:17

    Name                                           Base         Top      Size
    --------------------------------------- ----------- ----------- ---------
    Segment: CODE                              D:040ACE    D:040DCD      300h
    Segment: TEXT                              C:045000    C:0453AD      3aeh


Module: ..\timer.c (File: timer.obj) Version: 1:0 10/21/2023 18:50:17

    Name                                           Base         Top      Size
    --------------------------------------- ----------- ----------- ---------
    Segment: CODE                              D:043FD1    D:0440B9       e9h


Module: .\rtl\common\bshl.asm (Library: chelpD.lib) Version: 1:0 10/02/2022 22:48:49

    Name                                           Base         Top      Size
    --------------------------------------- ----------- ----------- ---------
    Segment: CODE                              D:044799    D:0447A1        9h


Module: .\rtl\common\case16D.asm (Library: chelpD.lib) Version: 1:0 10/02/2022 22:48:52

    Name                                           Base         Top      Size
    --------------------------------------- ----------- ----------- ---------
    Segment: CODE                              D:0443E8    D:044426       3fh


Module: .\rtl\common\case8D.asm (Library: chelpD.lib) Version: 1:0 10/02/2022 22:48:53

    Name                                           Base         Top      Size
    --------------------------------------- ----------- ----------- ---------
    Segment: CODE                              D:04460D    D:044646       3ah


Module: .\rtl\common\iand.asm (Library: chelpD.lib) Version: 1:0 10/02/2022 22:48:50

    Name                                           Base         Top      Size
    --------------------------------------- ----------- ----------- ---------
    Segment: CODE                              D:044663    D:04467D       1bh


Module: .\rtl\common\icmpzero.asm (Library: chelpD.lib) Version: 1:0 10/02/2022 22:48:52

    Name                                           Base         Top      Size
    --------------------------------------- ----------- ----------- ---------
    Segment: CODE                              D:044554    D:04455F        ch


Module: .\rtl\common\idivs.asm (Library: chelpD.lib) Version: 1:0 10/02/2022 22:48:50

    Name                                           Base         Top      Size
    --------------------------------------- ----------- ----------- ---------
    Segment: CODE                              D:044592    D:0445CA       39h


Module: .\rtl\common\idivu.asm (Library: chelpD.lib) Version: 1:0 10/02/2022 22:48:50

    Name                                           Base         Top      Size
    --------------------------------------- ----------- ----------- ---------
    Segment: CODE                              D:044477    D:044497       21h


Module: .\rtl\common\ildix.asm (Library: chelpD.lib) Version: 1:0 10/02/2022 22:48:50

    Name                                           Base         Top      Size
    --------------------------------------- ----------- ----------- ---------
    Segment: CODE                              D:044702    D:04470D        ch


Module: .\rtl\common\imulu.asm (Library: chelpD.lib) Version: 1:0 10/02/2022 22:48:50

    Name                                           Base         Top      Size
    --------------------------------------- ----------- ----------- ---------
    Segment: CODE                              D:0446BA    D:044701       48h


Module: .\rtl\common\ior.asm (Library: chelpD.lib) Version: 1:0 10/02/2022 22:48:50

    Name                                           Base         Top      Size
    --------------------------------------- ----------- ----------- ---------
    Segment: CODE                              D:0443C7    D:0443E1       1bh


Module: .\rtl\common\irems.asm (Library: chelpD.lib) Version: 1:0 10/02/2022 22:48:50

    Name                                           Base         Top      Size
    --------------------------------------- ----------- ----------- ---------
    Segment: CODE                              D:04431A    D:044351       38h


Module: .\rtl\common\iremu.asm (Library: chelpD.lib) Version: 1:0 10/02/2022 22:48:50

    Name                                           Base         Top      Size
    --------------------------------------- ----------- ----------- ---------
    Segment: CODE                              D:0443BE    D:0443C6        9h


Module: .\rtl\common\ishl.asm (Library: chelpD.lib) Version: 1:0 10/02/2022 22:48:50

    Name                                           Base         Top      Size
    --------------------------------------- ----------- ----------- ---------
    Segment: CODE                              D:04469F    D:0446B0       12h


Module: .\rtl\common\ishrs.asm (Library: chelpD.lib) Version: 1:0 10/02/2022 22:48:50

    Name                                           Base         Top      Size
    --------------------------------------- ----------- ----------- ---------
    Segment: CODE                              D:044352    D:044376       25h


Module: .\rtl\common\ishru.asm (Library: chelpD.lib) Version: 1:0 10/02/2022 22:48:50

    Name                                           Base         Top      Size
    --------------------------------------- ----------- ----------- ---------
    Segment: CODE                              D:0445CB    D:0445EF       25h


Module: .\rtl\common\istix.asm (Library: chelpD.lib) Version: 1:0 10/02/2022 22:48:50

    Name                                           Base         Top      Size
    --------------------------------------- ----------- ----------- ---------
    Segment: CODE                              D:0443B2    D:0443BD        ch


Module: .\rtl\common\itol.asm (Library: chelpD.lib) Version: 1:0 10/02/2022 22:48:50

    Name                                           Base         Top      Size
    --------------------------------------- ----------- ----------- ---------
    Segment: CODE                              D:0445F0    D:0445F6        7h


Module: .\rtl\common\ladd.asm (Library: chelpD.lib) Version: 1:0 10/02/2022 22:48:50

    Name                                           Base         Top      Size
    --------------------------------------- ----------- ----------- ---------
    Segment: CODE                              D:0442F6    D:04430A       15h


Module: .\rtl\common\land.asm (Library: chelpD.lib) Version: 1:0 10/02/2022 22:48:50

    Name                                           Base         Top      Size
    --------------------------------------- ----------- ----------- ---------
    Segment: CODE                              D:044723    D:04472B        9h


Module: .\rtl\common\lcmpu.asm (Library: chelpD.lib) Version: 1:0 10/02/2022 22:48:50

    Name                                           Base         Top      Size
    --------------------------------------- ----------- ----------- ---------
    Segment: CODE                              D:0445F7    D:04460C       16h


Module: .\rtl\common\lcmpzero.asm (Library: chelpD.lib) Version: 1:0 10/02/2022 22:48:52

    Name                                           Base         Top      Size
    --------------------------------------- ----------- ----------- ---------
    Segment: CODE                              D:044427    D:04443A       14h


Module: .\rtl\common\ldivs.asm (Library: chelpD.lib) Version: 1:0 10/02/2022 22:48:50

    Name                                           Base         Top      Size
    --------------------------------------- ----------- ----------- ---------
    Segment: CODE                              D:04443B    D:044469       2fh


Module: .\rtl\common\ldivu.asm (Library: chelpD.lib) Version: 1:0 10/02/2022 22:48:50

    Name                                           Base         Top      Size
    --------------------------------------- ----------- ----------- ---------
    Segment: CODE                              D:044498    D:0444CD       36h


Module: .\rtl\common\lmulu.asm (Library: chelpD.lib) Version: 1:0 10/02/2022 22:48:50

    Name                                           Base         Top      Size
    --------------------------------------- ----------- ----------- ---------
    Segment: CODE                              D:04472C    D:044798       6dh


Module: .\rtl\common\lneg.asm (Library: chelpD.lib) Version: 1:0 10/02/2022 22:48:50

    Name                                           Base         Top      Size
    --------------------------------------- ----------- ----------- ---------
    Segment: CODE                              D:04446A    D:044476        dh


Module: .\rtl\common\lor.asm (Library: chelpD.lib) Version: 1:0 10/02/2022 22:48:50

    Name                                           Base         Top      Size
    --------------------------------------- ----------- ----------- ---------
    Segment: CODE                              D:044542    D:04454A        9h


Module: .\rtl\common\lshl.asm (Library: chelpD.lib) Version: 1:0 10/02/2022 22:48:51

    Name                                           Base         Top      Size
    --------------------------------------- ----------- ----------- ---------
    Segment: CODE                              D:044654    D:044662        fh


Module: .\rtl\common\lshru.asm (Library: chelpD.lib) Version: 1:0 10/02/2022 22:48:51

    Name                                           Base         Top      Size
    --------------------------------------- ----------- ----------- ---------
    Segment: CODE                              D:0444F6    D:044517       22h


Module: .\rtl\common\lsub.asm (Library: chelpD.lib) Version: 1:0 10/02/2022 22:48:51

    Name                                           Base         Top      Size
    --------------------------------------- ----------- ----------- ---------
    Segment: CODE                              D:0444EA    D:0444F5        ch


Module: .\rtl\common\memcmp.asm (Library: crtD.lib) Version: 1:0 10/02/2022 22:48:13

    Name                                           Base         Top      Size
    --------------------------------------- ----------- ----------- ---------
    Segment: CODE                              D:044518    D:044541       2ah


Module: .\rtl\common\memcpy.asm (Library: crtD.lib) Version: 1:0 10/02/2022 22:48:13

    Name                                           Base         Top      Size
    --------------------------------------- ----------- ----------- ---------
    Segment: CODE                              D:0444CE    D:0444E9       1ch


Module: .\rtl\common\memset.asm (Library: crtD.lib) Version: 1:0 10/02/2022 22:48:13

    Name                                           Base         Top      Size
    --------------------------------------- ----------- ----------- ---------
    Segment: CODE                              D:04467E    D:04469E       21h


Module: .\rtl\common\sand.asm (Library: chelpD.lib) Version: 1:0 10/02/2022 22:48:51

    Name                                           Base         Top      Size
    --------------------------------------- ----------- ----------- ---------
    Segment: CODE                              D:04454B    D:044553        9h


Module: .\rtl\common\scmpzero.asm (Library: chelpD.lib) Version: 1:0 10/02/2022 22:48:52

    Name                                           Base         Top      Size
    --------------------------------------- ----------- ----------- ---------
    Segment: CODE                              D:044647    D:044653        dh


Module: .\rtl\common\seqcaseD.asm (Library: chelpD.lib) Version: 1:0 10/02/2022 22:48:52

    Name                                           Base         Top      Size
    --------------------------------------- ----------- ----------- ---------
    Segment: CODE                              D:044377    D:0443B1       3bh


Module: .\rtl\common\setflag.asm (Library: chelpD.lib) Version: 1:0 10/02/2022 22:48:52

    Name                                           Base         Top      Size
    --------------------------------------- ----------- ----------- ---------
    Segment: CODE                              D:04430B    D:044319        fh


Module: .\rtl\common\smulu.asm (Library: chelpD.lib) Version: 1:0 10/02/2022 22:48:51

    Name                                           Base         Top      Size
    --------------------------------------- ----------- ----------- ---------
    Segment: CODE                              D:04470E    D:044722       15h


Module: .\rtl\common\sor.asm (Library: chelpD.lib) Version: 1:0 10/02/2022 22:48:51

    Name                                           Base         Top      Size
    --------------------------------------- ----------- ----------- ---------
    Segment: CODE                              D:0446B1    D:0446B9        9h


Module: .\rtl\common\stoiu.asm (Library: chelpD.lib) Version: 1:0 10/02/2022 22:48:51

    Name                                           Base         Top      Size
    --------------------------------------- ----------- ----------- ---------
    Segment: CODE                              D:0443E2    D:0443E7        6h


Module: .\strchr.asm (Library: crtD.lib) Version: 1:0 10/02/2022 22:48:13

    Name                                           Base         Top      Size
    --------------------------------------- ----------- ----------- ---------
    Segment: CODE                              D:044560    D:04457C       1dh


Module: .\strlen.asm (Library: crtD.lib) Version: 1:0 10/02/2022 22:48:13

    Name                                           Base         Top      Size
    --------------------------------------- ----------- ----------- ---------
    Segment: CODE                              D:04457D    D:044591       15h


Module: C:\source\agon-vdpflash\flashloader\init.asm (File: init.obj) Version: 1:0 10/21/2023 18:50:16

    Name                                           Base         Top      Size
    --------------------------------------- ----------- ----------- ---------
    Segment: CODE                              D:040000    D:040144      145h


Module: C:\source\agon-vdpflash\flashloader\serial.asm (File: serial.obj) Version: 1:0 10/21/2023 18:50:17

    Name                                           Base         Top      Size
    --------------------------------------- ----------- ----------- ---------
    Segment: CODE                              D:0440BA    D:04411B       62h

EXTERNAL DEFINITIONS:
=====================

Symbol                               Address Module          Segment
-------------------------------- ----------- --------------- --------------------------------
__bshl                              D:044799 bshl            CODE                            
__case16D                           D:0443E8 case16D         CODE                            
__case8D                            D:04460D case8D          CODE                            
__close_periphdevice                D:0442F5 zsldevinitdummy CODE                            
__iand                              D:044663 iand            CODE                            
__icmpzero                          D:044554 icmpzero        CODE                            
__idivs                             D:044592 idivs           CODE                            
__idivu                             D:044477 idivu           CODE                            
__idvrmu                            D:044481 idivu           CODE                            
__ildix                             D:044702 ildix           CODE                            
__imul_b                            D:0446BA imulu           CODE                            
__imuls                             D:0446C6 imulu           CODE                            
__imulu                             D:0446C6 imulu           CODE                            
__ior                               D:0443C7 ior             CODE                            
__irems                             D:04431A irems           CODE                            
__iremu                             D:0443BE iremu           CODE                            
__ishl                              D:0446A7 ishl            CODE                            
__ishl_b                            D:04469F ishl            CODE                            
__ishrs                             D:04435A ishrs           CODE                            
__ishrs_b                           D:044352 ishrs           CODE                            
__ishru                             D:0445D3 ishru           CODE                            
__ishru_b                           D:0445CB ishru           CODE                            
__istix                             D:0443B2 istix           CODE                            
__itol                              D:0445F0 itol            CODE                            
__ladd                              D:044305 ladd            CODE                            
__ladd_b                            D:0442F6 ladd            CODE                            
__land                              D:044723 land            CODE                            
__lcmps                             D:0445F7 lcmpu           CODE                            
__lcmpu                             D:0445F7 lcmpu           CODE                            
__lcmpzero                          D:044427 lcmpzero        CODE                            
__ldivs                             D:04443B ldivs           CODE                            
__ldivu                             D:044498 ldivu           CODE                            
__ldvrmu                            D:0444AA ldivu           CODE                            
__len_bss                           00000235 (User Defined)
__lmuls                             D:04472C lmulu           CODE                            
__lmulu                             D:04472C lmulu           CODE                            
__lneg                              D:04446A lneg            CODE                            
__lor                               D:044542 lor             CODE                            
__low_bss                           000447C4 (User Defined)
__lshl                              D:044654 lshl            CODE                            
__lshru                             D:0444F6 lshru           CODE                            
__lsub                              D:0444EA lsub            CODE                            
__open_periphdevice                 D:0442F5 zsldevinitdummy CODE                            
__sand                              D:04454B sand            CODE                            
__scmpzero                          D:044647 scmpzero        CODE                            
__seqcaseD                          D:044377 seqcaseD        CODE                            
__setflag                           D:04430B setflag         CODE                            
__smuls                             D:04470E smulu           CODE                            
__smulu                             D:04470E smulu           CODE                            
__sor                               D:0446B1 sor             CODE                            
__stoiu                             D:0443E2 stoiu           CODE                            
_close_periphdevice                 D:0442F5 zsldevinitdummy CODE                            
_delayms                            D:04411C agontimer       CODE                            
_disk_initialize                    D:043D56 diskio          CODE                            
_disk_ioctl                         D:043DAC diskio          CODE                            
_disk_read                          D:043D74 diskio          CODE                            
_disk_status                        D:043D47 diskio          CODE                            
_enable_timer0                      D:04405E timer           CODE                            
_enableFlashKeyRegister             D:0400F9 init            CODE                            
_f_chdir                            D:0437E4 ff              CODE                            
_f_chdrive                          D:0437B2 ff              CODE                            
_f_close                            D:04377D ff              CODE                            
_f_getcwd                           D:043895 ff              CODE                            
_f_getlabel                         D:043AFF ff              CODE                            
_f_gets                             D:043C92 ff              CODE                            
_f_mount                            D:043266 ff              CODE                            
_f_open                             D:0432F2 ff              CODE                            
_f_read                             D:043442 ff              CODE                            
_fastmemcpy                         D:040126 init            CODE                            
_ff_oem2uni                         D:040B79 ffunicode       CODE                            
_ff_uni2oem                         D:040ACE ffunicode       CODE                            
_ff_wtoupper                        D:040BE1 ffunicode       CODE                            
_fs                                 D:0447C4 main            BSS                             
_get_fattime                        D:043DBD diskio          CODE                            
_get_timer0                         D:04408D timer           CODE                            
_getch                              D:04429F protocol        CODE                            
_init_spi                           D:043EFC spi             CODE                            
_init_timer0                        D:043FD1 timer           CODE                            
_init_UART0                         D:0440BA serial          CODE                            
_lockFlashKeyRegister               D:040111 init            CODE                            
_main                               D:040145 main            CODE                            
_memcmp                             D:044518 memcmp          CODE                            
_memcpy                             D:0444CE memcpy          CODE                            
_memset                             D:04467E memset          CODE                            
_mode_spi                           D:043F9C spi             CODE                            
_open_periphdevice                  D:0442F5 zsldevinitdummy CODE                            
_putch                              D:04417E protocol        CODE                            
_read_UART0                         D:04421B protocol        CODE                            
_reset                              D:040124 init            CODE                            
_rtc                                D:0449F8 diskio          BSS                             
_SD_command                         D:040371 sd              CODE                            
_SD_CS_disable                      D:043EAB spi             CODE                            
_SD_CS_enable                       D:043E95 spi             CODE                            
_SD_goIdleState                     D:040484 sd              CODE                            
_SD_init                            D:0409F0 sd              CODE                            
_SD_powerUpSeq                      D:040661 sd              CODE                            
_SD_readBlocks                      D:0406B2 sd              CODE                            
_SD_readOCR                         D:040606 sd              CODE                            
_SD_readRes1                        D:0403DF sd              CODE                            
_SD_readRes7                        D:040413 sd              CODE                            
_SD_readSingleBlock                 D:0408F1 sd              CODE                            
_SD_sendApp                         D:040544 sd              CODE                            
_SD_sendIfCond                      D:0404E1 sd              CODE                            
_SD_sendOpCond                      D:0405A1 sd              CODE                            
_SD_writeBlocks                     D:040742 sd              CODE                            
_SD_writeSingleBlock                D:0407D1 sd              CODE                            
_sendStatus                         D:0441A4 protocol        CODE                            
_spi_transfer                       D:043EC1 spi             CODE                            
_strchr                             D:044560 strchr          CODE                            
_strlen                             D:04457D strlen          CODE                            
_wait_timer0                        D:0400E3 init            CODE                            

111 external symbol(s).

SYMBOL CROSS REFERENCE:
=======================
Name                              Use         Module
--------------------------------- ----------- -------------------------
__bshl                            Defined     .\rtl\common\bshl.asm
                                  Referenced  ..\src_fatfs\ff.c
__case16D                         Defined     .\rtl\common\case16D.asm
                                  Referenced  ..\timer.c
__case8D                          Defined     .\rtl\common\case8D.asm
                                  Referenced  ..\src_fatfs\ff.c
__close_periphdevice              Defined     ..\src\boot\common\zsldevinitdummy.asm
__iand                            Defined     .\rtl\common\iand.asm
                                  Referenced  ..\main.c
                                  Referenced  ..\src_fatfs\ff.c
                                  Referenced  .\rtl\common\land.asm
__icmpzero                        Defined     .\rtl\common\icmpzero.asm
                                  Referenced  ..\main.c
                                  Referenced  ..\src_fatfs\ff.c
                                  Referenced  ..\agontimer.c
                                  Referenced  ..\protocol.c
__idivs                           Defined     .\rtl\common\idivs.asm
                                  Referenced  ..\spi.c
__idivu                           Defined     .\rtl\common\idivu.asm
                                  Referenced  .\rtl\common\idivs.asm
__idvrmu                          Defined     .\rtl\common\idivu.asm
                                  Referenced  .\rtl\common\iremu.asm
__ildix                           Defined     .\rtl\common\ildix.asm
                                  Referenced  ..\src_fatfs\ff.c
__imul_b                          Defined     .\rtl\common\imulu.asm
                                  Referenced  ..\src_fatfs\ff.c
__imuls                           Defined     .\rtl\common\imulu.asm
__imulu                           Defined     .\rtl\common\imulu.asm
__ior                             Defined     .\rtl\common\ior.asm
                                  Referenced  ..\src_fatfs\ff.c
                                  Referenced  .\rtl\common\lor.asm
__irems                           Defined     .\rtl\common\irems.asm
                                  Referenced  ..\spi.c
__iremu                           Defined     .\rtl\common\iremu.asm
                                  Referenced  .\rtl\common\irems.asm
__ishl                            Defined     .\rtl\common\ishl.asm
__ishl_b                          Defined     .\rtl\common\ishl.asm
                                  Referenced  ..\src_fatfs\ff.c
__ishrs                           Defined     .\rtl\common\ishrs.asm
__ishrs_b                         Defined     .\rtl\common\ishrs.asm
                                  Referenced  ..\src_fatfs\ffunicode.c
                                  Referenced  ..\src_fatfs\ff.c
                                  Referenced  ..\src_fatfs\diskio.c
                                  Referenced  ..\timer.c
__ishru                           Defined     .\rtl\common\ishru.asm
__ishru_b                         Defined     .\rtl\common\ishru.asm
                                  Referenced  ..\main.c
                                  Referenced  ..\src_fatfs\ff.c
__istix                           Defined     .\rtl\common\istix.asm
                                  Referenced  ..\src_fatfs\ff.c
__itol                            Defined     .\rtl\common\itol.asm
                                  Referenced  ..\src_fatfs\ff.c
                                  Referenced  ..\src_fatfs\diskio.c
                                  Referenced  ..\timer.c
__ladd                            Defined     .\rtl\common\ladd.asm
                                  Referenced  ..\src_fatfs\ff.c
__ladd_b                          Defined     .\rtl\common\ladd.asm
                                  Referenced  ..\main.c
                                  Referenced  ..\sd.c
                                  Referenced  ..\src_fatfs\ff.c
                                  Referenced  ..\src_fatfs\diskio.c
                                  Referenced  ..\spi.c
__land                            Defined     .\rtl\common\land.asm
                                  Referenced  ..\src_fatfs\ff.c
__lcmps                           Defined     .\rtl\common\lcmpu.asm
                                  Referenced  ..\spi.c
__lcmpu                           Defined     .\rtl\common\lcmpu.asm
                                  Referenced  ..\src_fatfs\ffunicode.c
                                  Referenced  ..\src_fatfs\ff.c
                                  Referenced  .\rtl\common\lcmpzero.asm
__lcmpzero                        Defined     .\rtl\common\lcmpzero.asm
                                  Referenced  ..\src_fatfs\ff.c
__ldivs                           Defined     .\rtl\common\ldivs.asm
                                  Referenced  ..\timer.c
__ldivu                           Defined     .\rtl\common\ldivu.asm
                                  Referenced  ..\src_fatfs\ff.c
                                  Referenced  .\rtl\common\ldivs.asm
__ldvrmu                          Defined     .\rtl\common\ldivu.asm
__len_bss                         Defined     LINKER
                                  Referenced  C:\source\agon-vdpflash\flashloader\init.asm
__lmuls                           Defined     .\rtl\common\lmulu.asm
__lmulu                           Defined     .\rtl\common\lmulu.asm
                                  Referenced  ..\src_fatfs\ff.c
__lneg                            Defined     .\rtl\common\lneg.asm
                                  Referenced  .\rtl\common\ldivs.asm
__lor                             Defined     .\rtl\common\lor.asm
                                  Referenced  ..\src_fatfs\ff.c
                                  Referenced  ..\src_fatfs\diskio.c
__low_bss                         Defined     LINKER
                                  Referenced  C:\source\agon-vdpflash\flashloader\init.asm
__lshl                            Defined     .\rtl\common\lshl.asm
                                  Referenced  ..\src_fatfs\ff.c
                                  Referenced  ..\src_fatfs\diskio.c
__lshru                           Defined     .\rtl\common\lshru.asm
                                  Referenced  ..\sd.c
                                  Referenced  ..\src_fatfs\ff.c
                                  Referenced  ..\protocol.c
__lsub                            Defined     .\rtl\common\lsub.asm
                                  Referenced  ..\src_fatfs\ff.c
__open_periphdevice               Defined     ..\src\boot\common\zsldevinitdummy.asm
__sand                            Defined     .\rtl\common\sand.asm
                                  Referenced  ..\src_fatfs\ff.c
__scmpzero                        Defined     .\rtl\common\scmpzero.asm
                                  Referenced  ..\src_fatfs\ffunicode.c
                                  Referenced  ..\src_fatfs\ff.c
                                  Referenced  ..\agontimer.c
__seqcaseD                        Defined     .\rtl\common\seqcaseD.asm
                                  Referenced  ..\src_fatfs\ffunicode.c
                                  Referenced  ..\src_fatfs\ff.c
__setflag                         Defined     .\rtl\common\setflag.asm
                                  Referenced  ..\sd.c
                                  Referenced  ..\src_fatfs\ffunicode.c
                                  Referenced  ..\src_fatfs\ff.c
                                  Referenced  ..\spi.c
__smuls                           Defined     .\rtl\common\smulu.asm
__smulu                           Defined     .\rtl\common\smulu.asm
                                  Referenced  ..\timer.c
__sor                             Defined     .\rtl\common\sor.asm
                                  Referenced  ..\src_fatfs\ff.c
                                  Referenced  ..\timer.c
                                  Referenced  ..\agontimer.c
__stoiu                           Defined     .\rtl\common\stoiu.asm
                                  Referenced  ..\sd.c
                                  Referenced  ..\src_fatfs\ffunicode.c
                                  Referenced  ..\src_fatfs\ff.c
                                  Referenced  ..\timer.c
_close_periphdevice               Defined     ..\src\boot\common\zsldevinitdummy.asm
_delayms                          Defined     ..\agontimer.c
_disk_initialize                  Defined     ..\src_fatfs\diskio.c
                                  Referenced  ..\src_fatfs\ff.c
_disk_ioctl                       Defined     ..\src_fatfs\diskio.c
_disk_read                        Defined     ..\src_fatfs\diskio.c
                                  Referenced  ..\src_fatfs\ff.c
_disk_status                      Defined     ..\src_fatfs\diskio.c
                                  Referenced  ..\src_fatfs\ff.c
_enable_timer0                    Defined     ..\timer.c
                                  Referenced  ..\sd.c
_enableFlashKeyRegister           Defined     C:\source\agon-vdpflash\flashloader\init.asm
                                  Referenced  ..\main.c
_f_chdir                          Defined     ..\src_fatfs\ff.c
_f_chdrive                        Defined     ..\src_fatfs\ff.c
_f_close                          Defined     ..\src_fatfs\ff.c
                                  Referenced  ..\main.c
_f_getcwd                         Defined     ..\src_fatfs\ff.c
_f_getlabel                       Defined     ..\src_fatfs\ff.c
_f_gets                           Defined     ..\src_fatfs\ff.c
_f_mount                          Defined     ..\src_fatfs\ff.c
                                  Referenced  ..\main.c
_f_open                           Defined     ..\src_fatfs\ff.c
                                  Referenced  ..\main.c
_f_read                           Defined     ..\src_fatfs\ff.c
                                  Referenced  ..\main.c
_fastmemcpy                       Defined     C:\source\agon-vdpflash\flashloader\init.asm
                                  Referenced  ..\main.c
_ff_oem2uni                       Defined     ..\src_fatfs\ffunicode.c
                                  Referenced  ..\src_fatfs\ff.c
_ff_uni2oem                       Defined     ..\src_fatfs\ffunicode.c
                                  Referenced  ..\src_fatfs\ff.c
_ff_wtoupper                      Defined     ..\src_fatfs\ffunicode.c
                                  Referenced  ..\src_fatfs\ff.c
_fs                               Defined     ..\main.c
_get_fattime                      Defined     ..\src_fatfs\diskio.c
_get_timer0                       Defined     ..\timer.c
_getch                            Defined     ..\protocol.c
                                  Referenced  ..\main.c
_init_spi                         Defined     ..\spi.c
                                  Referenced  ..\main.c
_init_timer0                      Defined     ..\timer.c
                                  Referenced  ..\sd.c
_init_UART0                       Defined     C:\source\agon-vdpflash\flashloader\serial.asm
                                  Referenced  ..\main.c
_lockFlashKeyRegister             Defined     C:\source\agon-vdpflash\flashloader\init.asm
                                  Referenced  ..\main.c
_main                             Defined     ..\main.c
                                  Referenced  C:\source\agon-vdpflash\flashloader\init.asm
_memcmp                           Defined     .\rtl\common\memcmp.asm
                                  Referenced  ..\src_fatfs\ff.c
_memcpy                           Defined     .\rtl\common\memcpy.asm
                                  Referenced  ..\src_fatfs\ff.c
_memset                           Defined     .\rtl\common\memset.asm
                                  Referenced  ..\src_fatfs\ff.c
_mode_spi                         Defined     ..\spi.c
_open_periphdevice                Defined     ..\src\boot\common\zsldevinitdummy.asm
_putch                            Defined     ..\protocol.c
_read_UART0                       Defined     ..\protocol.c
_reset                            Defined     C:\source\agon-vdpflash\flashloader\init.asm
_rtc                              Defined     ..\src_fatfs\diskio.c
_SD_command                       Defined     ..\sd.c
_SD_CS_disable                    Defined     ..\spi.c
                                  Referenced  ..\sd.c
_SD_CS_enable                     Defined     ..\spi.c
                                  Referenced  ..\sd.c
_SD_goIdleState                   Defined     ..\sd.c
_SD_init                          Defined     ..\sd.c
                                  Referenced  ..\src_fatfs\diskio.c
_SD_powerUpSeq                    Defined     ..\sd.c
_SD_readBlocks                    Defined     ..\sd.c
                                  Referenced  ..\src_fatfs\diskio.c
_SD_readOCR                       Defined     ..\sd.c
_SD_readRes1                      Defined     ..\sd.c
_SD_readRes7                      Defined     ..\sd.c
_SD_readSingleBlock               Defined     ..\sd.c
_SD_sendApp                       Defined     ..\sd.c
_SD_sendIfCond                    Defined     ..\sd.c
_SD_sendOpCond                    Defined     ..\sd.c
_SD_writeBlocks                   Defined     ..\sd.c
_SD_writeSingleBlock              Defined     ..\sd.c
_sendStatus                       Defined     ..\protocol.c
                                  Referenced  ..\main.c
_spi_transfer                     Defined     ..\spi.c
                                  Referenced  ..\sd.c
_strchr                           Defined     .\strchr.asm
                                  Referenced  ..\src_fatfs\ff.c
_strlen                           Defined     .\strlen.asm
                                  Referenced  .\strchr.asm
_wait_timer0                      Defined     C:\source\agon-vdpflash\flashloader\init.asm
                                  Referenced  ..\sd.c

OUTPUT CHECKSUM
===============
flashloader.hex      237706
flashloader.lod      237706



END OF LINK MAP:
================
0 Errors
0 Warnings
